Component: ARM Compiler 5.06 update 6 (build 750) Tool: armlink [4d35ed]

==============================================================================

Section Cross References

    startup_stm32f405xx.o(RESET) refers to startup_stm32f405xx.o(STACK) for __initial_sp
    startup_stm32f405xx.o(RESET) refers to startup_stm32f405xx.o(.text) for Reset_Handler
    startup_stm32f405xx.o(RESET) refers to stm32f4xx_it.o(i.NMI_Handler) for NMI_Handler
    startup_stm32f405xx.o(RESET) refers to stm32f4xx_it.o(i.HardFault_Handler) for HardFault_Handler
    startup_stm32f405xx.o(RESET) refers to stm32f4xx_it.o(i.MemManage_Handler) for MemManage_Handler
    startup_stm32f405xx.o(RESET) refers to stm32f4xx_it.o(i.BusFault_Handler) for BusFault_Handler
    startup_stm32f405xx.o(RESET) refers to stm32f4xx_it.o(i.UsageFault_Handler) for UsageFault_Handler
    startup_stm32f405xx.o(RESET) refers to stm32f4xx_it.o(i.SVC_Handler) for SVC_Handler
    startup_stm32f405xx.o(RESET) refers to stm32f4xx_it.o(i.DebugMon_Handler) for DebugMon_Handler
    startup_stm32f405xx.o(RESET) refers to stm32f4xx_it.o(i.PendSV_Handler) for PendSV_Handler
    startup_stm32f405xx.o(RESET) refers to stm32f4xx_it.o(i.SysTick_Handler) for SysTick_Handler
    startup_stm32f405xx.o(RESET) refers to stm32f4xx_it.o(i.ADC_IRQHandler) for ADC_IRQHandler
    startup_stm32f405xx.o(RESET) refers to stm32f4xx_it.o(i.CAN1_TX_IRQHandler) for CAN1_TX_IRQHandler
    startup_stm32f405xx.o(RESET) refers to stm32f4xx_it.o(i.CAN1_RX0_IRQHandler) for CAN1_RX0_IRQHandler
    startup_stm32f405xx.o(RESET) refers to stm32f4xx_it.o(i.TIM3_IRQHandler) for TIM3_IRQHandler
    startup_stm32f405xx.o(RESET) refers to stm32f4xx_it.o(i.USART2_IRQHandler) for USART2_IRQHandler
    startup_stm32f405xx.o(RESET) refers to stm32f4xx_it.o(i.TIM5_IRQHandler) for TIM5_IRQHandler
    startup_stm32f405xx.o(RESET) refers to stm32f4xx_it.o(i.TIM6_DAC_IRQHandler) for TIM6_DAC_IRQHandler
    startup_stm32f405xx.o(RESET) refers to stm32f4xx_it.o(i.DMA2_Stream0_IRQHandler) for DMA2_Stream0_IRQHandler
    startup_stm32f405xx.o(.text) refers to system_stm32f4xx.o(i.SystemInit) for SystemInit
    startup_stm32f405xx.o(.text) refers to entry.o(.ARM.Collect$$$$00000000) for __main
    bsp_can.o(i.CAN1_Send_Current) refers to stm32f4xx_hal_can.o(i.HAL_CAN_AddTxMessage) for HAL_CAN_AddTxMessage
    bsp_can.o(i.CAN1_Send_Current) refers to bsp_can.o(.bss) for .bss
    bsp_can.o(i.CAN1_Send_Current) refers to can.o(.bss) for hcan1
    bsp_can.o(i.CAN1_Send_bytes) refers to stm32f4xx_hal_can.o(i.HAL_CAN_AddTxMessage) for HAL_CAN_AddTxMessage
    bsp_can.o(i.CAN1_Send_bytes) refers to bsp_can.o(.bss) for .bss
    bsp_can.o(i.CAN1_Send_bytes) refers to can.o(.bss) for hcan1
    bsp_can.o(i.CanFilter_Init) refers to stm32f4xx_hal_can.o(i.HAL_CAN_ConfigFilter) for HAL_CAN_ConfigFilter
    bsp_can.o(i.CanFilter_Init) refers to can.o(.bss) for hcan1
    bsp_can.o(i.HAL_CAN_RxFifo0MsgPendingCallback) refers to stm32f4xx_hal_can.o(i.HAL_CAN_GetRxMessage) for HAL_CAN_GetRxMessage
    bsp_can.o(i.HAL_CAN_RxFifo0MsgPendingCallback) refers to bsp_can.o(.bss) for .bss
    bsp_can.o(i.HAL_CAN_RxFifo0MsgPendingCallback) refers to can.o(.bss) for hcan1
    bsp_can.o(i.HAL_CAN_RxFifo0MsgPendingCallback) refers to bsp_can.o(.data) for .data
    bsp_can.o(i.HAL_CAN_RxFifo0MsgPendingCallback) refers to cap_ctrl.o(.bss) for cap_info
    bsp_can.o(i.HAL_CAN_RxFifo0MsgPendingCallback) refers to main.o(.bss) for FPS
    bsp_can.o(i.MY_CAN1_ENABLE) refers to stm32f4xx_hal_can.o(i.HAL_CAN_Start) for HAL_CAN_Start
    bsp_can.o(i.MY_CAN1_ENABLE) refers to stm32f4xx_hal_can.o(i.HAL_CAN_ActivateNotification) for HAL_CAN_ActivateNotification
    bsp_can.o(i.MY_CAN1_ENABLE) refers to bsp_can.o(i.CanFilter_Init) for CanFilter_Init
    bsp_can.o(i.MY_CAN1_ENABLE) refers to can.o(.bss) for hcan1
    bsp_io.o(i.MY_VCCOUT_ENABLE) refers to stm32f4xx_hal_gpio.o(i.HAL_GPIO_WritePin) for HAL_GPIO_WritePin
    bsp_io.o(i.turn_off_laser) refers to stm32f4xx_hal_gpio.o(i.HAL_GPIO_WritePin) for HAL_GPIO_WritePin
    bsp_io.o(i.turn_on_laser) refers to stm32f4xx_hal_gpio.o(i.HAL_GPIO_WritePin) for HAL_GPIO_WritePin
    bsp_uart.o(i.HAL_UART_RxCpltCallback) refers to stm32f4xx_hal_uart.o(i.HAL_UART_Receive_IT) for HAL_UART_Receive_IT
    bsp_uart.o(i.HAL_UART_RxCpltCallback) refers to stmgood.o(i.Dealdata) for Dealdata
    bsp_uart.o(i.HAL_UART_RxCpltCallback) refers to stm32f4xx_hal_gpio.o(i.HAL_GPIO_TogglePin) for HAL_GPIO_TogglePin
    bsp_uart.o(i.HAL_UART_RxCpltCallback) refers to usart.o(.bss) for huart2
    bsp_uart.o(i.HAL_UART_RxCpltCallback) refers to bsp_uart.o(.bss) for .bss
    bsp_uart.o(i.MY_UART_ENABLE_DMA_IDLE) refers to stm32f4xx_hal_dma.o(i.HAL_DMA_Start_IT) for HAL_DMA_Start_IT
    bsp_uart.o(i.MY_UART_ENABLE_DMA_IDLE) refers to stm32f4xx_hal_uart.o(i.HAL_UART_Receive_DMA) for HAL_UART_Receive_DMA
    bsp_uart.o(i.MY_UART_INIT) refers to stm32f4xx_hal_uart.o(i.HAL_UART_Receive_IT) for HAL_UART_Receive_IT
[...]
    ..\Sys-Debug\ANO_DT.c                    0x00000000   Number         0  ano_dt.o ABSOLUTE
    ..\Sys-Debug\STMGood.c                   0x00000000   Number         0  stmgood.o ABSOLUTE
    ..\\Sys-Bsp\\bsp_adc.c                   0x00000000   Number         0  bsp_adc.o ABSOLUTE
    ..\\Sys-Bsp\\bsp_can.c                   0x00000000   Number         0  bsp_can.o ABSOLUTE
    ..\\Sys-Bsp\\bsp_io.c                    0x00000000   Number         0  bsp_io.o ABSOLUTE
    ..\\Sys-Bsp\\bsp_tim.c                   0x00000000   Number         0  bsp_tim.o ABSOLUTE
    ..\\Sys-Bsp\\bsp_uart.c                  0x00000000   Number         0  bsp_uart.o ABSOLUTE
    ..\\Sys-Control\\cap_ctrl.c              0x00000000   Number         0  cap_ctrl.o ABSOLUTE
    ..\\Sys-Debug\\ANO_DT.c                  0x00000000   Number         0  ano_dt.o ABSOLUTE
    ..\\Sys-Debug\\STMGood.c                 0x00000000   Number         0  stmgood.o ABSOLUTE
    cdrcmple.s                               0x00000000   Number         0  cdrcmple.o ABSOLUTE
    dc.s                                     0x00000000   Number         0  dc.o ABSOLUTE
    handlers.s                               0x00000000   Number         0  handlers.o ABSOLUTE
    init.s                                   0x00000000   Number         0  init.o ABSOLUTE
    startup_stm32f405xx.s                    0x00000000   Number         0  startup_stm32f405xx.o ABSOLUTE
    RESET                                    0x08000000   Section      392  startup_stm32f405xx.o(RESET)
    .ARM.Collect$$$$00000000                 0x08000188   Section        0  entry.o(.ARM.Collect$$$$00000000)
    .ARM.Collect$$$$00000001                 0x08000188   Section        4  entry2.o(.ARM.Collect$$$$00000001)
    .ARM.Collect$$$$00000004                 0x0800018c   Section        4  entry5.o(.ARM.Collect$$$$00000004)
    .ARM.Collect$$$$00000008                 0x08000190   Section        0  entry7b.o(.ARM.Collect$$$$00000008)
    .ARM.Collect$$$$0000000A                 0x08000190   Section        0  entry8b.o(.ARM.Collect$$$$0000000A)
    .ARM.Collect$$$$0000000B                 0x08000190   Section        8  entry9a.o(.ARM.Collect$$$$0000000B)
    .ARM.Collect$$$$0000000D                 0x08000198   Section        0  entry10a.o(.ARM.Collect$$$$0000000D)
    .ARM.Collect$$$$0000000F                 0x08000198   Section        0  entry11a.o(.ARM.Collect$$$$0000000F)
    .ARM.Collect$$$$00002712                 0x08000198   Section        4  entry2.o(.ARM.Collect$$$$00002712)
    __lit__00000000                          0x08000198   Data           4  entry2.o(.ARM.Collect$$$$00002712)
    .text                                    0x0800019c   Section       36  startup_stm32f405xx.o(.text)
    $v0                                      0x0800019c   Number         0  startup_stm32f405xx.o(.text)
    .text                                    0x080001c0   Section        0  uldiv.o(.text)
    .text                                    0x08000222   Section        0  memseta.o(.text)
    .text                                    0x08000246   Section        0  dadd.o(.text)
    .text                                    0x08000394   Section        0  dmul.o(.text)
    .text                                    0x08000478   Section        0  ddiv.o(.text)
    .text                                    0x08000556   Section        0  dflti.o(.text)
    .text                                    0x08000578   Section        0  f2d.o(.text)
    .text                                    0x0800059e   Section        0  d2f.o(.text)
    .text                                    0x080005d6   Section        0  uidiv.o(.text)
    .text                                    0x08000602   Section        0  llshl.o(.text)
    .text                                    0x08000620   Section        0  llushr.o(.text)
    .text                                    0x08000640   Section        0  llsshr.o(.text)
    .text                                    0x08000664   Section        0  iusefp.o(.text)
    .text                                    0x08000664   Section        0  fepilogue.o(.text)
    .text                                    0x080006d2   Section        0  depilogue.o(.text)
    .text                                    0x0800078c   Section        0  dfixul.o(.text)
    .text                                    0x080007bc   Section       48  cdrcmple.o(.text)
    .text                                    0x080007ec   Section       36  init.o(.text)
    i.ADC_DMAConvCplt                        0x08000810   Section        0  stm32f4xx_hal_adc.o(i.ADC_DMAConvCplt)
    ADC_DMAConvCplt                          0x08000811   Thumb Code   110  stm32f4xx_hal_adc.o(i.ADC_DMAConvCplt)
    i.ADC_DMAError                           0x0800087e   Section        0  stm32f4xx_hal_adc.o(i.ADC_DMAError)
    ADC_DMAError                             0x0800087f   Thumb Code    22  stm32f4xx_hal_adc.o(i.ADC_DMAError)
    i.ADC_DMAHalfConvCplt                    0x08000894   Section        0  stm32f4xx_hal_adc.o(i.ADC_DMAHalfConvCplt)
    ADC_DMAHalfConvCplt                      0x08000895   Thumb Code    10  stm32f4xx_hal_adc.o(i.ADC_DMAHalfConvCplt)
    i.ADC_IRQHandler                         0x080008a0   Section        0  stm32f4xx_it.o(i.ADC_IRQHandler)
    i.ADC_Init                               0x080008ac   Section        0  stm32f4xx_hal_adc.o(i.ADC_Init)
    ADC_Init                                 0x080008ad   Thumb Code   284  stm32f4xx_hal_adc.o(i.ADC_Init)
    i.BusFault_Handler                       0x080009d4   Section        0  stm32f4xx_it.o(i.BusFault_Handler)
    i.CAN1_RX0_IRQHandler                    0x080009d8   Section        0  stm32f4xx_it.o(i.CAN1_RX0_IRQHandler)
    i.CAN1_TX_IRQHandler                     0x080009e4   Section        0  stm32f4xx_it.o(i.CAN1_TX_IRQHandler)
    i.CanFilter_Init                         0x080009f0   Section        0  bsp_can.o(i.CanFilter_Init)
    i.CapInfo_Init                           0x08000ab8   Section        0  cap_ctrl.o(i.CapInfo_Init)
    i.Command                                0x08000b00   Section        0  stmgood.o(i.Command)
    i.CompStr                                0x08000d0c   Section        0  stmgood.o(i.CompStr)
    i.CopyStr                                0x08000d3c   Section        0  stmgood.o(i.CopyStr)
    i.DMA2_Stream0_IRQHandler                0x08000d54   Section        0  stm32f4xx_it.o(i.DMA2_Stream0_IRQHandler)
    i.DMA_CalcBaseAndBitshift                0x08000d60   Section        0  stm32f4xx_hal_dma.o(i.DMA_CalcBaseAndBitshift)
    DMA_CalcBaseAndBitshift                  0x08000d61   Thumb Code    34  stm32f4xx_hal_dma.o(i.DMA_CalcBaseAndBitshift)
    i.DMA_CheckFifoParam                     0x08000d88   Section        0  stm32f4xx_hal_dma.o(i.DMA_CheckFifoParam)
    DMA_CheckFifoParam                       0x08000d89   Thumb Code    84  stm32f4xx_hal_dma.o(i.DMA_CheckFifoParam)
    i.DMA_SetConfig                          0x08000ddc   Section        0  stm32f4xx_hal_dma.o(i.DMA_SetConfig)
    DMA_SetConfig                            0x08000ddd   Thumb Code    40  stm32f4xx_hal_dma.o(i.DMA_SetConfig)
    i.DealStr                                0x08000e04   Section        0  stmgood.o(i.DealStr)
    i.Dealdata                               0x08000e8c   Section        0  stmgood.o(i.Dealdata)
    i.DebugMon_Handler                       0x08000f1c   Section        0  stm32f4xx_it.o(i.DebugMon_Handler)
    i.DisChargingControl                     0x08000f20   Section        0  cap_ctrl.o(i.DisChargingControl)
    i.Error_Handler                          0x08000f70   Section        0  main.o(i.Error_Handler)
    i.FirstSpace                             0x08000f72   Section        0  stmgood.o(i.FirstSpace)
    i.HAL_ADCEx_InjectedConvCpltCallback     0x08000f8a   Section        0  stm32f4xx_hal_adc_ex.o(i.HAL_ADCEx_InjectedConvCpltCallback)
    i.HAL_ADC_ConfigChannel                  0x08000f8c   Section        0  stm32f4xx_hal_adc.o(i.HAL_ADC_ConfigChannel)
    i.HAL_ADC_ConvCpltCallback               0x080010d8   Section        0  bsp_adc.o(i.HAL_ADC_ConvCpltCallback)
    i.HAL_ADC_ConvHalfCpltCallback           0x08001218   Section        0  stm32f4xx_hal_adc.o(i.HAL_ADC_ConvHalfCpltCallback)
    i.HAL_ADC_ErrorCallback                  0x0800121a   Section        0  stm32f4xx_hal_adc.o(i.HAL_ADC_ErrorCallback)
    i.HAL_ADC_IRQHandler                     0x0800121c   Section        0  stm32f4xx_hal_adc.o(i.HAL_ADC_IRQHandler)
    i.HAL_ADC_Init                           0x08001358   Section        0  stm32f4xx_hal_adc.o(i.HAL_ADC_Init)
    i.HAL_ADC_LevelOutOfWindowCallback       0x080013ac   Section        0  stm32f4xx_hal_adc.o(i.HAL_ADC_LevelOutOfWindowCallback)
    i.HAL_ADC_MspInit                        0x080013b0   Section        0  adc.o(i.HAL_ADC_MspInit)
    i.HAL_ADC_Start_DMA                      0x0800147c   Section        0  stm32f4xx_hal_adc.o(i.HAL_ADC_Start_DMA)
    i.HAL_CAN_ActivateNotification           0x080015ac   Section        0  stm32f4xx_hal_can.o(i.HAL_CAN_ActivateNotification)
    i.HAL_CAN_ConfigFilter                   0x080015d0   Section        0  stm32f4xx_hal_can.o(i.HAL_CAN_ConfigFilter)
    i.HAL_CAN_ErrorCallback                  0x080016dc   Section        0  stm32f4xx_hal_can.o(i.HAL_CAN_ErrorCallback)
    i.HAL_CAN_GetRxMessage                   0x080016de   Section        0  stm32f4xx_hal_can.o(i.HAL_CAN_GetRxMessage)
    i.HAL_CAN_IRQHandler                     0x080017c6   Section        0  stm32f4xx_hal_can.o(i.HAL_CAN_IRQHandler)
    i.HAL_CAN_Init                           0x080019c2   Section        0  stm32f4xx_hal_can.o(i.HAL_CAN_Init)
    i.HAL_CAN_MspInit                        0x08001adc   Section        0  can.o(i.HAL_CAN_MspInit)
    i.HAL_CAN_RxFifo0FullCallback            0x08001b68   Section        0  stm32f4xx_hal_can.o(i.HAL_CAN_RxFifo0FullCallback)
    i.HAL_CAN_RxFifo0MsgPendingCallback      0x08001b6c   Section        0  bsp_can.o(i.HAL_CAN_RxFifo0MsgPendingCallback)
    i.HAL_CAN_RxFifo1FullCallback            0x08001c50   Section        0  stm32f4xx_hal_can.o(i.HAL_CAN_RxFifo1FullCallback)
    i.HAL_CAN_RxFifo1MsgPendingCallback      0x08001c52   Section        0  stm32f4xx_hal_can.o(i.HAL_CAN_RxFifo1MsgPendingCallback)
    i.HAL_CAN_SleepCallback                  0x08001c54   Section        0  stm32f4xx_hal_can.o(i.HAL_CAN_SleepCallback)
    i.HAL_CAN_Start                          0x08001c58   Section        0  stm32f4xx_hal_can.o(i.HAL_CAN_Start)
    i.HAL_CAN_TxMailbox0AbortCallback        0x08001cb0   Section        0  stm32f4xx_hal_can.o(i.HAL_CAN_TxMailbox0AbortCallback)
    i.HAL_CAN_TxMailbox0CompleteCallback     0x08001cb2   Section        0  stm32f4xx_hal_can.o(i.HAL_CAN_TxMailbox0CompleteCallback)
    i.HAL_CAN_TxMailbox1AbortCallback        0x08001cb4   Section        0  stm32f4xx_hal_can.o(i.HAL_CAN_TxMailbox1AbortCallback)
    i.HAL_CAN_TxMailbox1CompleteCallback     0x08001cb6   Section        0  stm32f4xx_hal_can.o(i.HAL_CAN_TxMailbox1CompleteCallback)
    i.HAL_CAN_TxMailbox2AbortCallback        0x08001cb8   Section        0  stm32f4xx_hal_can.o(i.HAL_CAN_TxMailbox2AbortCallback)
    i.HAL_CAN_TxMailbox2CompleteCallback     0x08001cba   Section        0  stm32f4xx_hal_can.o(i.HAL_CAN_TxMailbox2CompleteCallback)
    i.HAL_CAN_WakeUpFromRxMsgCallback        0x08001cbc   Section        0  stm32f4xx_hal_can.o(i.HAL_CAN_WakeUpFromRxMsgCallback)
    i.HAL_DMA_Abort_IT                       0x08001cbe   Section        0  stm32f4xx_hal_dma.o(i.HAL_DMA_Abort_IT)
    i.HAL_DMA_IRQHandler                     0x08001ce4   Section        0  stm32f4xx_hal_dma.o(i.HAL_DMA_IRQHandler)
    i.HAL_DMA_Init                           0x08001e84   Section        0  stm32f4xx_hal_dma.o(i.HAL_DMA_Init)
    i.HAL_DMA_Start_IT                       0x08001f58   Section        0  stm32f4xx_hal_dma.o(i.HAL_DMA_Start_IT)
    i.HAL_GPIO_Init                          0x08001fd0   Section        0  stm32f4xx_hal_gpio.o(i.HAL_GPIO_Init)
    i.HAL_GPIO_TogglePin                     0x08002180   Section        0  stm32f4xx_hal_gpio.o(i.HAL_GPIO_TogglePin)
    i.HAL_GPIO_WritePin                      0x0800218e   Section        0  stm32f4xx_hal_gpio.o(i.HAL_GPIO_WritePin)
    i.HAL_GetTick                            0x08002198   Section        0  stm32f4xx_hal.o(i.HAL_GetTick)
    i.HAL_IncTick                            0x080021a4   Section        0  stm32f4xx_hal.o(i.HAL_IncTick)
    i.HAL_Init                               0x080021b4   Section        0  stm32f4xx_hal.o(i.HAL_Init)
    i.HAL_InitTick                           0x080021e8   Section        0  stm32f4xx_hal.o(i.HAL_InitTick)
    i.HAL_MspInit                            0x08002228   Section        0  stm32f4xx_hal_msp.o(i.HAL_MspInit)
    i.HAL_NVIC_EnableIRQ                     0x08002258   Section        0  stm32f4xx_hal_cortex.o(i.HAL_NVIC_EnableIRQ)
    i.HAL_NVIC_SetPriority                   0x08002274   Section        0  stm32f4xx_hal_cortex.o(i.HAL_NVIC_SetPriority)
    i.HAL_NVIC_SetPriorityGrouping           0x080022b4   Section        0  stm32f4xx_hal_cortex.o(i.HAL_NVIC_SetPriorityGrouping)
    i.HAL_RCC_ClockConfig                    0x080022d8   Section        0  stm32f4xx_hal_rcc.o(i.HAL_RCC_ClockConfig)
    i.HAL_RCC_GetPCLK1Freq                   0x08002408   Section        0  stm32f4xx_hal_rcc.o(i.HAL_RCC_GetPCLK1Freq)
    i.HAL_RCC_GetPCLK2Freq                   0x08002428   Section        0  stm32f4xx_hal_rcc.o(i.HAL_RCC_GetPCLK2Freq)
    i.HAL_RCC_GetSysClockFreq                0x08002448   Section        0  stm32f4xx_hal_rcc.o(i.HAL_RCC_GetSysClockFreq)
    i.HAL_RCC_OscConfig                      0x080024ac   Section        0  stm32f4xx_hal_rcc.o(i.HAL_RCC_OscConfig)
    i.HAL_SYSTICK_Config                     0x080027c8   Section        0  stm32f4xx_hal_cortex.o(i.HAL_SYSTICK_Config)
    i.HAL_TIMEx_BreakCallback                0x080027f0   Section        0  stm32f4xx_hal_tim_ex.o(i.HAL_TIMEx_BreakCallback)
    i.HAL_TIMEx_CommutCallback               0x080027f2   Section        0  stm32f4xx_hal_tim_ex.o(i.HAL_TIMEx_CommutCallback)
    i.HAL_TIMEx_MasterConfigSynchronization  0x080027f4   Section        0  stm32f4xx_hal_tim_ex.o(i.HAL_TIMEx_MasterConfigSynchronization)
    i.HAL_TIM_Base_Init                      0x08002836   Section        0  stm32f4xx_hal_tim.o(i.HAL_TIM_Base_Init)
    i.HAL_TIM_Base_MspInit                   0x0800286c   Section        0  tim.o(i.HAL_TIM_Base_MspInit)
    i.HAL_TIM_Base_Start_IT                  0x080028f8   Section        0  stm32f4xx_hal_tim.o(i.HAL_TIM_Base_Start_IT)
    i.HAL_TIM_ConfigClockSource              0x0800291a   Section        0  stm32f4xx_hal_tim.o(i.HAL_TIM_ConfigClockSource)
    i.HAL_TIM_IC_CaptureCallback             0x080029f0   Section        0  stm32f4xx_hal_tim.o(i.HAL_TIM_IC_CaptureCallback)
    i.HAL_TIM_IRQHandler                     0x080029f2   Section        0  stm32f4xx_hal_tim.o(i.HAL_TIM_IRQHandler)
    i.HAL_TIM_MspPostInit                    0x08002b58   Section        0  tim.o(i.HAL_TIM_MspPostInit)
    i.HAL_TIM_OC_DelayElapsedCallback        0x08002ba8   Section        0  stm32f4xx_hal_tim.o(i.HAL_TIM_OC_DelayElapsedCallback)
    i.HAL_TIM_PWM_ConfigChannel              0x08002baa   Section        0  stm32f4xx_hal_tim.o(i.HAL_TIM_PWM_ConfigChannel)
    i.HAL_TIM_PWM_Init                       0x08002c7a   Section        0  stm32f4xx_hal_tim.o(i.HAL_TIM_PWM_Init)
    i.HAL_TIM_PWM_MspInit                    0x08002cb0   Section        0  stm32f4xx_hal_tim.o(i.HAL_TIM_PWM_MspInit)
    i.HAL_TIM_PWM_PulseFinishedCallback      0x08002cb2   Section        0  stm32f4xx_hal_tim.o(i.HAL_TIM_PWM_PulseFinishedCallback)
    i.HAL_TIM_PWM_Start                      0x08002cb4   Section        0  stm32f4xx_hal_tim.o(i.HAL_TIM_PWM_Start)
    i.HAL_TIM_PeriodElapsedCallback          0x08002cf8   Section        0  bsp_tim.o(i.HAL_TIM_PeriodElapsedCallback)
    i.HAL_TIM_TriggerCallback                0x08002d34   Section        0  stm32f4xx_hal_tim.o(i.HAL_TIM_TriggerCallback)
    i.HAL_UART_ErrorCallback                 0x08002d36   Section        0  bsp_uart.o(i.HAL_UART_ErrorCallback)
    i.HAL_UART_IRQHandler                    0x08002d48   Section        0  stm32f4xx_hal_uart.o(i.HAL_UART_IRQHandler)
    i.HAL_UART_Init                          0x08002e58   Section        0  stm32f4xx_hal_uart.o(i.HAL_UART_Init)
    i.HAL_UART_MspInit                       0x08002ebc   Section        0  usart.o(i.HAL_UART_MspInit)
    i.HAL_UART_Receive_IT                    0x08002f34   Section        0  stm32f4xx_hal_uart.o(i.HAL_UART_Receive_IT)
    i.HAL_UART_RxCpltCallback                0x08002f88   Section        0  bsp_uart.o(i.HAL_UART_RxCpltCallback)
    i.HAL_UART_TxCpltCallback                0x08002fcc   Section        0  stm32f4xx_hal_uart.o(i.HAL_UART_TxCpltCallback)
    i.HardFault_Handler                      0x08002fce   Section        0  stm32f4xx_it.o(i.HardFault_Handler)
    i.MX_ADC1_Init                           0x08002fd0   Section        0  adc.o(i.MX_ADC1_Init)
    i.MX_CAN1_Init                           0x08003048   Section        0  can.o(i.MX_CAN1_Init)
    i.MX_DMA_Init                            0x08003090   Section        0  dma.o(i.MX_DMA_Init)
    i.MX_GPIO_Init                           0x080030bc   Section        0  gpio.o(i.MX_GPIO_Init)
    i.MX_TIM3_Init                           0x08003158   Section        0  tim.o(i.MX_TIM3_Init)
    i.MX_TIM5_Init                           0x080031c0   Section        0  tim.o(i.MX_TIM5_Init)
    i.MX_TIM6_Init                           0x08003258   Section        0  tim.o(i.MX_TIM6_Init)
    i.MX_USART2_UART_Init                    0x080032a0   Section        0  usart.o(i.MX_USART2_UART_Init)
    i.MY_CAN1_ENABLE                         0x080032d8   Section        0  bsp_can.o(i.MY_CAN1_ENABLE)
    i.MY_UART_INIT                           0x080032f8   Section        0  bsp_uart.o(i.MY_UART_INIT)
    i.MemManage_Handler                      0x0800331c   Section        0  stm32f4xx_it.o(i.MemManage_Handler)
    i.NMI_Handler                            0x0800331e   Section        0  stm32f4xx_it.o(i.NMI_Handler)
    i.PID_AbsoluteMode                       0x08003320   Section        0  pid.o(i.PID_AbsoluteMode)
    i.PendSV_Handler                         0x0800356c   Section        0  stm32f4xx_it.o(i.PendSV_Handler)
    i.SVC_Handler                            0x0800356e   Section        0  stm32f4xx_it.o(i.SVC_Handler)
    i.SplitStr                               0x08003570   Section        0  stmgood.o(i.SplitStr)
    i.StrToFloat                             0x080035c0   Section        0  stmgood.o(i.StrToFloat)
    i.Strlen                                 0x080036f4   Section        0  stmgood.o(i.Strlen)
    i.SubStr                                 0x08003704   Section        0  stmgood.o(i.SubStr)
    i.SysTick_Handler                        0x0800372c   Section        0  stm32f4xx_it.o(i.SysTick_Handler)
    i.SystemClock_Config                     0x08003730   Section        0  main.o(i.SystemClock_Config)
    i.SystemInit                             0x080037b4   Section        0  system_stm32f4xx.o(i.SystemInit)
    i.TIM3_IRQHandler                        0x08003808   Section        0  stm32f4xx_it.o(i.TIM3_IRQHandler)
    i.TIM5_IRQHandler                        0x08003814   Section        0  stm32f4xx_it.o(i.TIM5_IRQHandler)
    i.TIM6_DAC_IRQHandler                    0x08003820   Section        0  stm32f4xx_it.o(i.TIM6_DAC_IRQHandler)
    i.TIM_Base_SetConfig                     0x0800382c   Section        0  stm32f4xx_hal_tim.o(i.TIM_Base_SetConfig)
    i.TIM_CCxChannelCmd                      0x080038f4   Section        0  stm32f4xx_hal_tim.o(i.TIM_CCxChannelCmd)
    i.TIM_ETR_SetConfig                      0x0800390e   Section        0  stm32f4xx_hal_tim.o(i.TIM_ETR_SetConfig)
    i.TIM_ITRx_SetConfig                     0x08003922   Section        0  stm32f4xx_hal_tim.o(i.TIM_ITRx_SetConfig)
    TIM_ITRx_SetConfig                       0x08003923   Thumb Code    16  stm32f4xx_hal_tim.o(i.TIM_ITRx_SetConfig)
    i.TIM_OC1_SetConfig                      0x08003934   Section        0  stm32f4xx_hal_tim.o(i.TIM_OC1_SetConfig)
    TIM_OC1_SetConfig                        0x08003935   Thumb Code    88  stm32f4xx_hal_tim.o(i.TIM_OC1_SetConfig)
    i.TIM_OC2_SetConfig                      0x08003994   Section        0  stm32f4xx_hal_tim.o(i.TIM_OC2_SetConfig)
    i.TIM_OC3_SetConfig                      0x08003a00   Section        0  stm32f4xx_hal_tim.o(i.TIM_OC3_SetConfig)
    TIM_OC3_SetConfig                        0x08003a01   Thumb Code    96  stm32f4xx_hal_tim.o(i.TIM_OC3_SetConfig)
    i.TIM_OC4_SetConfig                      0x08003a68   Section        0  stm32f4xx_hal_tim.o(i.TIM_OC4_SetConfig)
    TIM_OC4_SetConfig                        0x08003a69   Thumb Code    70  stm32f4xx_hal_tim.o(i.TIM_OC4_SetConfig)
    i.TIM_TI1_ConfigInputStage               0x08003ab8   Section        0  stm32f4xx_hal_tim.o(i.TIM_TI1_ConfigInputStage)
    TIM_TI1_ConfigInputStage                 0x08003ab9   Thumb Code    34  stm32f4xx_hal_tim.o(i.TIM_TI1_ConfigInputStage)
    i.TIM_TI2_ConfigInputStage               0x08003ada   Section        0  stm32f4xx_hal_tim.o(i.TIM_TI2_ConfigInputStage)
    TIM_TI2_ConfigInputStage                 0x08003adb   Thumb Code    36  stm32f4xx_hal_tim.o(i.TIM_TI2_ConfigInputStage)
    i.UART_DMAAbortOnError                   0x08003afe   Section        0  stm32f4xx_hal_uart.o(i.UART_DMAAbortOnError)
    UART_DMAAbortOnError                     0x08003aff   Thumb Code    16  stm32f4xx_hal_uart.o(i.UART_DMAAbortOnError)
    i.UART_EndRxTransfer                     0x08003b0e   Section        0  stm32f4xx_hal_uart.o(i.UART_EndRxTransfer)
    UART_EndRxTransfer                       0x08003b0f   Thumb Code    28  stm32f4xx_hal_uart.o(i.UART_EndRxTransfer)
    i.UART_Receive_IT                        0x08003b2a   Section        0  stm32f4xx_hal_uart.o(i.UART_Receive_IT)
    UART_Receive_IT                          0x08003b2b   Thumb Code   150  stm32f4xx_hal_uart.o(i.UART_Receive_IT)
    i.UART_SetConfig                         0x08003bc0   Section        0  stm32f4xx_hal_uart.o(i.UART_SetConfig)
    UART_SetConfig                           0x08003bc1   Thumb Code   676  stm32f4xx_hal_uart.o(i.UART_SetConfig)
    i.UART_Transmit_IT                       0x08003e6c   Section        0  stm32f4xx_hal_uart.o(i.UART_Transmit_IT)
    UART_Transmit_IT                         0x08003e6d   Thumb Code    98  stm32f4xx_hal_uart.o(i.UART_Transmit_IT)
    i.USART2_IRQHandler                      0x08003ed0   Section        0  stm32f4xx_it.o(i.USART2_IRQHandler)
    i.UsageFault_Handler                     0x08003edc   Section        0  stm32f4xx_it.o(i.UsageFault_Handler)
    i.__0printf                              0x08003ee0   Section        0  printfa.o(i.__0printf)
    i.__NVIC_SetPriority                     0x08003f00   Section        0  stm32f4xx_hal_cortex.o(i.__NVIC_SetPriority)
    __NVIC_SetPriority                       0x08003f01   Thumb Code    32  stm32f4xx_hal_cortex.o(i.__NVIC_SetPriority)
    i.__scatterload_copy                     0x08003f20   Section       14  handlers.o(i.__scatterload_copy)
    i.__scatterload_null                     0x08003f2e   Section        2  handlers.o(i.__scatterload_null)
    i.__scatterload_zeroinit                 0x08003f30   Section       14  handlers.o(i.__scatterload_zeroinit)
    i._fp_digits                             0x08003f40   Section        0  printfa.o(i._fp_digits)
    _fp_digits                               0x08003f41   Thumb Code   366  printfa.o(i._fp_digits)
    i._printf_core                           0x080040c4   Section        0  printfa.o(i._printf_core)
    _printf_core                             0x080040c5   Thumb Code  1744  printfa.o(i._printf_core)
    i._printf_post_padding                   0x080047a0   Section        0  printfa.o(i._printf_post_padding)
    _printf_post_padding                     0x080047a1   Thumb Code    36  printfa.o(i._printf_post_padding)
    i._printf_pre_padding                    0x080047c4   Section        0  printfa.o(i._printf_pre_padding)
    _printf_pre_padding                      0x080047c5   Thumb Code    46  printfa.o(i._printf_pre_padding)
    i.cmd                                    0x080047f4   Section        0  stmgood.o(i.cmd)
    i.current_ctrl                           0x08004b10   Section        0  bsp_tim.o(i.current_ctrl)
    i.debug_ctrl                             0x08004b58   Section        0  bsp_tim.o(i.debug_ctrl)
    i.fputc                                  0x08004d3c   Section        0  bsp_uart.o(i.fputc)
    i.go1                                    0x08004d54   Section        0  stmgood.o(i.go1)
    i.main                                   0x08004d64   Section        0  main.o(i.main)
    i.multi1                                 0x08004de0   Section        0  stmgood.o(i.multi1)
    i.multi2                                 0x08004e34   Section        0  stmgood.o(i.multi2)
    i.pid_abs_para_init                      0x08004e84   Section        0  pid.o(i.pid_abs_para_init)
    .constdata                               0x08004ec0   Section       16  system_stm32f4xx.o(.constdata)
    .constdata                               0x08004ed0   Section        8  system_stm32f4xx.o(.constdata)
    .constdata                               0x08004ed8   Section        8  stm32f4xx_hal_dma.o(.constdata)
    flagBitshiftOffset                       0x08004ed8   Data           8  stm32f4xx_hal_dma.o(.constdata)
    .conststring                             0x08004ee0   Section       68  bsp_tim.o(.conststring)
    .data                                    0x20000000   Section        8  bsp_can.o(.data)
    .data                                    0x20000008   Section       20  bsp_adc.o(.data)
    count                                    0x20000008   Data           2  bsp_adc.o(.data)
    count1                                   0x2000000a   Data           2  bsp_adc.o(.data)
    DisChargingCur_Sum                       0x2000000c   Data           4  bsp_adc.o(.data)
    ChassisCur_Sum                           0x20000010   Data           4  bsp_adc.o(.data)
    sum1                                     0x20000014   Data           4  bsp_adc.o(.data)
    sum2                                     0x20000018   Data           4  bsp_adc.o(.data)
    .data                                    0x20000020   Section       56  stmgood.o(.data)
    .data                                    0x20000058   Section        4  system_stm32f4xx.o(.data)
    .data                                    0x2000005c   Section       12  stm32f4xx_hal.o(.data)
    .data                                    0x20000068   Section        4  stdout.o(.data)
    .bss                                     0x2000006c   Section       84  bsp_can.o(.bss)
    .bss                                     0x200000c0   Section       50  bsp_uart.o(.bss)
    .bss                                     0x200000f8   Section     1104  stmgood.o(.bss)
    .bss                                     0x20000548   Section      116  cap_ctrl.o(.bss)
    .bss                                     0x200005bc   Section       24  main.o(.bss)
    .bss                                     0x200005d4   Section      168  adc.o(.bss)
    .bss                                     0x2000067c   Section       40  can.o(.bss)
    .bss                                     0x200006a4   Section      192  tim.o(.bss)
    .bss                                     0x20000764   Section       64  usart.o(.bss)
    STACK                                    0x200007a8   Section     1024  startup_stm32f405xx.o(STACK)

    Global Symbols

    Symbol Name                              Value     Ov Type        Size  Object(Section)

    BuildAttributes$$THM_ISAv4$E$P$D$K$B$S$7EM$VFPi3$EXTD16$VFPS$VFMA$PE$A:L22UL41UL21$X:L11$S22US41US21$IEEE1$IW$USESV6$~STKCKD$USESV7$~SHL$OTIME$ROPI$EBA8$MICROLIB$REQ8$PRES8$EABIv2 0x00000000   Number         0  anon$$obj.o ABSOLUTE
    __ARM_use_no_argv                        0x00000000   Number         0  main.o ABSOLUTE
    _printf_a                                0x00000000   Number         0  stubs.o ABSOLUTE
    _printf_c                                0x00000000   Number         0  stubs.o ABSOLUTE
    _printf_charcount                        0x00000000   Number         0  stubs.o ABSOLUTE
    _printf_d                                0x00000000   Number         0  stubs.o ABSOLUTE
    _printf_e                                0x00000000   Number         0  stubs.o ABSOLUTE
    _printf_f                                0x00000000   Number         0  stubs.o ABSOLUTE
    _printf_flags                            0x00000000   Number         0  stubs.o ABSOLUTE
    _printf_fp_dec                           0x00000000   Number         0  stubs.o ABSOLUTE
    _printf_fp_hex                           0x00000000   Number         0  stubs.o ABSOLUTE
    _printf_g                                0x00000000   Number         0  stubs.o ABSOLUTE
    _printf_i                                0x00000000   Number         0  stubs.o ABSOLUTE
    _printf_int_dec                          0x00000000   Number         0  stubs.o ABSOLUTE
    _printf_l                                0x00000000   Number         0  stubs.o ABSOLUTE
    _printf_lc                               0x00000000   Number         0  stubs.o ABSOLUTE
    _printf_ll                               0x00000000   Number         0  stubs.o ABSOLUTE
    _printf_lld                              0x00000000   Number         0  stubs.o ABSOLUTE
    _printf_lli                              0x00000000   Number         0  stubs.o ABSOLUTE
    _printf_llo                              0x00000000   Number         0  stubs.o ABSOLUTE
    _printf_llu                              0x00000000   Number         0  stubs.o ABSOLUTE
    _printf_llx                              0x00000000   Number         0  stubs.o ABSOLUTE
    _printf_longlong_dec                     0x00000000   Number         0  stubs.o ABSOLUTE
    _printf_longlong_hex                     0x00000000   Number         0  stubs.o ABSOLUTE
    _printf_longlong_oct                     0x00000000   Number         0  stubs.o ABSOLUTE
    _printf_ls                               0x00000000   Number         0  stubs.o ABSOLUTE
    _printf_mbtowc                           0x00000000   Number         0  stubs.o ABSOLUTE
    _printf_n                                0x00000000   Number         0  stubs.o ABSOLUTE
    _printf_o                                0x00000000   Number         0  stubs.o ABSOLUTE
    _printf_p                                0x00000000   Number         0  stubs.o ABSOLUTE
    _printf_percent                          0x00000000   Number         0  stubs.o ABSOLUTE
    _printf_pre_padding                      0x00000000   Number         0  stubs.o ABSOLUTE
    _printf_return_value                     0x00000000   Number         0  stubs.o ABSOLUTE
    _printf_s                                0x00000000   Number         0  stubs.o ABSOLUTE
    _printf_sizespec                         0x00000000   Number         0  stubs.o ABSOLUTE
    _printf_str                              0x00000000   Number         0  stubs.o ABSOLUTE
    _printf_truncate_signed                  0x00000000   Number         0  stubs.o ABSOLUTE
    _printf_truncate_unsigned                0x00000000   Number         0  stubs.o ABSOLUTE
    _printf_u                                0x00000000   Number         0  stubs.o ABSOLUTE
    _printf_wc                               0x00000000   Number         0  stubs.o ABSOLUTE
    _printf_wctomb                           0x00000000   Number         0  stubs.o ABSOLUTE
    _printf_widthprec                        0x00000000   Number         0  stubs.o ABSOLUTE
    _printf_x                                0x00000000   Number         0  stubs.o ABSOLUTE
    __cpp_initialize__aeabi_                  - Undefined Weak Reference
    __cxa_finalize                            - Undefined Weak Reference
    __decompress                              - Undefined Weak Reference
    _clock_init                               - Undefined Weak Reference
    _microlib_exit                            - Undefined Weak Reference
    __Vectors_Size                           0x00000188   Number         0  startup_stm32f405xx.o ABSOLUTE
    __Vectors                                0x08000000   Data           4  startup_stm32f405xx.o(RESET)
    __Vectors_End                            0x08000188   Data           0  startup_stm32f405xx.o(RESET)
    __main                                   0x08000189   Thumb Code     0  entry.o(.ARM.Collect$$$$00000000)
    _main_stk                                0x08000189   Thumb Code     0  entry2.o(.ARM.Collect$$$$00000001)
    _main_scatterload                        0x0800018d   Thumb Code     0  entry5.o(.ARM.Collect$$$$00000004)
    __main_after_scatterload                 0x08000191   Thumb Code     0  entry5.o(.ARM.Collect$$$$00000004)
    _main_clock                              0x08000191   Thumb Code     0  entry7b.o(.ARM.Collect$$$$00000008)
    _main_cpp_init                           0x08000191   Thumb Code     0  entry8b.o(.ARM.Collect$$$$0000000A)
    _main_init                               0x08000191   Thumb Code     0  entry9a.o(.ARM.Collect$$$$0000000B)
    __rt_final_cpp                           0x08000199   Thumb Code     0  entry10a.o(.ARM.Collect$$$$0000000D)
    __rt_final_exit                          0x08000199   Thumb Code     0  entry11a.o(.ARM.Collect$$$$0000000F)
    Reset_Handler                            0x0800019d   Thumb Code     8  startup_stm32f405xx.o(.text)
    CAN1_RX1_IRQHandler                      0x080001b7   Thumb Code     0  startup_stm32f405xx.o(.text)
    CAN1_SCE_IRQHandler                      0x080001b7   Thumb Code     0  startup_stm32f405xx.o(.text)
    CAN2_RX0_IRQHandler                      0x080001b7   Thumb Code     0  startup_stm32f405xx.o(.text)
    CAN2_RX1_IRQHandler                      0x080001b7   Thumb Code     0  startup_stm32f405xx.o(.text)
    CAN2_SCE_IRQHandler                      0x080001b7   Thumb Code     0  startup_stm32f405xx.o(.text)
    CAN2_TX_IRQHandler                       0x080001b7   Thumb Code     0  startup_stm32f405xx.o(.text)
    DMA1_Stream0_IRQHandler                  0x080001b7   Thumb Code     0  startup_stm32f405xx.o(.text)
    DMA1_Stream1_IRQHandler                  0x080001b7   Thumb Code     0  startup_stm32f405xx.o(.text)
    DMA1_Stream2_IRQHandler                  0x080001b7   Thumb Code     0  startup_stm32f405xx.o(.text)
    DMA1_Stream3_IRQHandler                  0x080001b7   Thumb Code     0  startup_stm32f405xx.o(.text)
    DMA1_Stream4_IRQHandler                  0x080001b7   Thumb Code     0  startup_stm32f405xx.o(.text)
    DMA1_Stream5_IRQHandler                  0x080001b7   Thumb Code     0  startup_stm32f405xx.o(.text)
    DMA1_Stream6_IRQHandler                  0x080001b7   Thumb Code     0  startup_stm32f405xx.o(.text)
    DMA1_Stream7_IRQHandler                  0x080001b7   Thumb Code     0  startup_stm32f405xx.o(.text)
    DMA2_Stream1_IRQHandler                  0x080001b7   Thumb Code     0  startup_stm32f405xx.o(.text)
    DMA2_Stream2_IRQHandler                  0x080001b7   Thumb Code     0  startup_stm32f405xx.o(.text)
    DMA2_Stream3_IRQHandler                  0x080001b7   Thumb Code     0  startup_stm32f405xx.o(.text)
    DMA2_Stream4_IRQHandler                  0x080001b7   Thumb Code     0  startup_stm32f405xx.o(.text)
    DMA2_Stream5_IRQHandler                  0x080001b7   Thumb Code     0  startup_stm32f405xx.o(.text)
    DMA2_Stream6_IRQHandler                  0x080001b7   Thumb Code     0  startup_stm32f405xx.o(.text)
    DMA2_Stream7_IRQHandler                  0x080001b7   Thumb Code     0  startup_stm32f405xx.o(.text)
    EXTI0_IRQHandler                         0x080001b7   Thumb Code     0  startup_stm32f405xx.o(.text)
    EXTI15_10_IRQHandler                     0x080001b7   Thumb Code     0  startup_stm32f405xx.o(.text)
    EXTI1_IRQHandler                         0x080001b7   Thumb Code     0  startup_stm32f405xx.o(.text)
    EXTI2_IRQHandler                         0x080001b7   Thumb Code     0  startup_stm32f405xx.o(.text)
    EXTI3_IRQHandler                         0x080001b7   Thumb Code     0  startup_stm32f405xx.o(.text)
    EXTI4_IRQHandler                         0x080001b7   Thumb Code     0  startup_stm32f405xx.o(.text)
    EXTI9_5_IRQHandler                       0x080001b7   Thumb Code     0  startup_stm32f405xx.o(.text)
    FLASH_IRQHandler                         0x080001b7   Thumb Code     0  startup_stm32f405xx.o(.text)
    FMC_IRQHandler                           0x080001b7   Thumb Code     0  startup_stm32f405xx.o(.text)
    FPU_IRQHandler                           0x080001b7   Thumb Code     0  startup_stm32f405xx.o(.text)
    HASH_RNG_IRQHandler                      0x080001b7   Thumb Code     0  startup_stm32f405xx.o(.text)
    I2C1_ER_IRQHandler                       0x080001b7   Thumb Code     0  startup_stm32f405xx.o(.text)
    I2C1_EV_IRQHandler                       0x080001b7   Thumb Code     0  startup_stm32f405xx.o(.text)
    I2C2_ER_IRQHandler                       0x080001b7   Thumb Code     0  startup_stm32f405xx.o(.text)
    I2C2_EV_IRQHandler                       0x080001b7   Thumb Code     0  startup_stm32f405xx.o(.text)
    I2C3_ER_IRQHandler                       0x080001b7   Thumb Code     0  startup_stm32f405xx.o(.text)
    I2C3_EV_IRQHandler                       0x080001b7   Thumb Code     0  startup_stm32f405xx.o(.text)
    OTG_FS_IRQHandler                        0x080001b7   Thumb Code     0  startup_stm32f405xx.o(.text)
    OTG_FS_WKUP_IRQHandler                   0x080001b7   Thumb Code     0  startup_stm32f405xx.o(.text)
    OTG_HS_EP1_IN_IRQHandler                 0x080001b7   Thumb Code     0  startup_stm32f405xx.o(.text)
    OTG_HS_EP1_OUT_IRQHandler                0x080001b7   Thumb Code     0  startup_stm32f405xx.o(.text)
    OTG_HS_IRQHandler                        0x080001b7   Thumb Code     0  startup_stm32f405xx.o(.text)
    OTG_HS_WKUP_IRQHandler                   0x080001b7   Thumb Code     0  startup_stm32f405xx.o(.text)
    PVD_IRQHandler                           0x080001b7   Thumb Code     0  startup_stm32f405xx.o(.text)
    RCC_IRQHandler                           0x080001b7   Thumb Code     0  startup_stm32f405xx.o(.text)
    RTC_Alarm_IRQHandler                     0x080001b7   Thumb Code     0  startup_stm32f405xx.o(.text)
    RTC_WKUP_IRQHandler                      0x080001b7   Thumb Code     0  startup_stm32f405xx.o(.text)
    SDIO_IRQHandler                          0x080001b7   Thumb Code     0  startup_stm32f405xx.o(.text)
    SPI1_IRQHandler                          0x080001b7   Thumb Code     0  startup_stm32f405xx.o(.text)
    SPI2_IRQHandler                          0x080001b7   Thumb Code     0  startup_stm32f405xx.o(.text)
    SPI3_IRQHandler                          0x080001b7   Thumb Code     0  startup_stm32f405xx.o(.text)
    TAMP_STAMP_IRQHandler                    0x080001b7   Thumb Code     0  startup_stm32f405xx.o(.text)
    TIM1_BRK_TIM9_IRQHandler                 0x080001b7   Thumb Code     0  startup_stm32f405xx.o(.text)
    TIM1_CC_IRQHandler                       0x080001b7   Thumb Code     0  startup_stm32f405xx.o(.text)
    TIM1_TRG_COM_TIM11_IRQHandler            0x080001b7   Thumb Code     0  startup_stm32f405xx.o(.text)
    TIM1_UP_TIM10_IRQHandler                 0x080001b7   Thumb Code     0  startup_stm32f405xx.o(.text)
    TIM2_IRQHandler                          0x080001b7   Thumb Code     0  startup_stm32f405xx.o(.text)
    TIM4_IRQHandler                          0x080001b7   Thumb Code     0  startup_stm32f405xx.o(.text)
    TIM7_IRQHandler                          0x080001b7   Thumb Code     0  startup_stm32f405xx.o(.text)
    TIM8_BRK_TIM12_IRQHandler                0x080001b7   Thumb Code     0  startup_stm32f405xx.o(.text)
    TIM8_CC_IRQHandler                       0x080001b7   Thumb Code     0  startup_stm32f405xx.o(.text)
    TIM8_TRG_COM_TIM14_IRQHandler            0x080001b7   Thumb Code     0  startup_stm32f405xx.o(.text)
    TIM8_UP_TIM13_IRQHandler                 0x080001b7   Thumb Code     0  startup_stm32f405xx.o(.text)
    UART4_IRQHandler                         0x080001b7   Thumb Code     0  startup_stm32f405xx.o(.text)
    UART5_IRQHandler                         0x080001b7   Thumb Code     0  startup_stm32f405xx.o(.text)
    USART1_IRQHandler                        0x080001b7   Thumb Code     0  startup_stm32f405xx.o(.text)
    USART3_IRQHandler                        0x080001b7   Thumb Code     0  startup_stm32f405xx.o(.text)
    USART6_IRQHandler                        0x080001b7   Thumb Code     0  startup_stm32f405xx.o(.text)
    WWDG_IRQHandler                          0x080001b7   Thumb Code     0  startup_stm32f405xx.o(.text)
    __aeabi_uldivmod                         0x080001c1   Thumb Code    98  uldiv.o(.text)
    __aeabi_memset                           0x08000223   Thumb Code    14  memseta.o(.text)
    __aeabi_memset4                          0x08000223   Thumb Code     0  memseta.o(.text)
    __aeabi_memset8                          0x08000223   Thumb Code     0  memseta.o(.text)
    __aeabi_memclr                           0x08000231   Thumb Code     4  memseta.o(.text)
    __aeabi_memclr4                          0x08000231   Thumb Code     0  memseta.o(.text)
    __aeabi_memclr8                          0x08000231   Thumb Code     0  memseta.o(.text)
    _memset$wrapper                          0x08000235   Thumb Code    18  memseta.o(.text)
    __aeabi_dadd                             0x08000247   Thumb Code   322  dadd.o(.text)
    __aeabi_dsub                             0x08000389   Thumb Code     6  dadd.o(.text)
    __aeabi_drsub                            0x0800038f   Thumb Code     6  dadd.o(.text)
    __aeabi_dmul                             0x08000395   Thumb Code   228  dmul.o(.text)
    __aeabi_ddiv                             0x08000479   Thumb Code   222  ddiv.o(.text)
    __aeabi_i2d                              0x08000557   Thumb Code    34  dflti.o(.text)
    __aeabi_f2d                              0x08000579   Thumb Code    38  f2d.o(.text)
    __aeabi_d2f                              0x0800059f   Thumb Code    56  d2f.o(.text)
    __aeabi_uidiv                            0x080005d7   Thumb Code     0  uidiv.o(.text)
    __aeabi_uidivmod                         0x080005d7   Thumb Code    44  uidiv.o(.text)
    __aeabi_llsl                             0x08000603   Thumb Code    30  llshl.o(.text)
    _ll_shift_l                              0x08000603   Thumb Code     0  llshl.o(.text)
    __aeabi_llsr                             0x08000621   Thumb Code    32  llushr.o(.text)
    _ll_ushift_r                             0x08000621   Thumb Code     0  llushr.o(.text)
    __aeabi_lasr                             0x08000641   Thumb Code    36  llsshr.o(.text)
    _ll_sshift_r                             0x08000641   Thumb Code     0  llsshr.o(.text)
    __I$use$fp                               0x08000665   Thumb Code     0  iusefp.o(.text)
    _float_round                             0x08000665   Thumb Code    18  fepilogue.o(.text)
    _float_epilogue                          0x08000677   Thumb Code    92  fepilogue.o(.text)
    _double_round                            0x080006d3   Thumb Code    30  depilogue.o(.text)
    _double_epilogue                         0x080006f1   Thumb Code   156  depilogue.o(.text)
    __aeabi_d2ulz                            0x0800078d   Thumb Code    48  dfixul.o(.text)
    __aeabi_cdrcmple                         0x080007bd   Thumb Code    48  cdrcmple.o(.text)
    __scatterload                            0x080007ed   Thumb Code    28  init.o(.text)
    __scatterload_rt2                        0x080007ed   Thumb Code     0  init.o(.text)
    ADC_IRQHandler                           0x080008a1   Thumb Code     6  stm32f4xx_it.o(i.ADC_IRQHandler)
    BusFault_Handler                         0x080009d5   Thumb Code     2  stm32f4xx_it.o(i.BusFault_Handler)
    CAN1_RX0_IRQHandler                      0x080009d9   Thumb Code     6  stm32f4xx_it.o(i.CAN1_RX0_IRQHandler)
    CAN1_TX_IRQHandler                       0x080009e5   Thumb Code     6  stm32f4xx_it.o(i.CAN1_TX_IRQHandler)
    CanFilter_Init                           0x080009f1   Thumb Code   196  bsp_can.o(i.CanFilter_Init)
    CapInfo_Init                             0x08000ab9   Thumb Code    52  cap_ctrl.o(i.CapInfo_Init)
    Command                                  0x08000b01   Thumb Code   396  stmgood.o(i.Command)
    CompStr                                  0x08000d0d   Thumb Code    48  stmgood.o(i.CompStr)
    CopyStr                                  0x08000d3d   Thumb Code    22  stmgood.o(i.CopyStr)
    DMA2_Stream0_IRQHandler                  0x08000d55   Thumb Code     6  stm32f4xx_it.o(i.DMA2_Stream0_IRQHandler)
    DealStr                                  0x08000e05   Thumb Code   128  stmgood.o(i.DealStr)
    Dealdata                                 0x08000e8d   Thumb Code   134  stmgood.o(i.Dealdata)
    DebugMon_Handler                         0x08000f1d   Thumb Code     2  stm32f4xx_it.o(i.DebugMon_Handler)
    DisChargingControl                       0x08000f21   Thumb Code    68  cap_ctrl.o(i.DisChargingControl)
    Error_Handler                            0x08000f71   Thumb Code     2  main.o(i.Error_Handler)
    FirstSpace                               0x08000f73   Thumb Code    24  stmgood.o(i.FirstSpace)
    HAL_ADCEx_InjectedConvCpltCallback       0x08000f8b   Thumb Code     2  stm32f4xx_hal_adc_ex.o(i.HAL_ADCEx_InjectedConvCpltCallback)
    HAL_ADC_ConfigChannel                    0x08000f8d   Thumb Code   316  stm32f4xx_hal_adc.o(i.HAL_ADC_ConfigChannel)
    HAL_ADC_ConvCpltCallback                 0x080010d9   Thumb Code   270  bsp_adc.o(i.HAL_ADC_ConvCpltCallback)
    HAL_ADC_ConvHalfCpltCallback             0x08001219   Thumb Code     2  stm32f4xx_hal_adc.o(i.HAL_ADC_ConvHalfCpltCallback)
    HAL_ADC_ErrorCallback                    0x0800121b   Thumb Code     2  stm32f4xx_hal_adc.o(i.HAL_ADC_ErrorCallback)
    HAL_ADC_IRQHandler                       0x0800121d   Thumb Code   316  stm32f4xx_hal_adc.o(i.HAL_ADC_IRQHandler)
    HAL_ADC_Init                             0x08001359   Thumb Code    84  stm32f4xx_hal_adc.o(i.HAL_ADC_Init)
    HAL_ADC_LevelOutOfWindowCallback         0x080013ad   Thumb Code     2  stm32f4xx_hal_adc.o(i.HAL_ADC_LevelOutOfWindowCallback)
    HAL_ADC_MspInit                          0x080013b1   Thumb Code   180  adc.o(i.HAL_ADC_MspInit)
    HAL_ADC_Start_DMA                        0x0800147d   Thumb Code   268  stm32f4xx_hal_adc.o(i.HAL_ADC_Start_DMA)
    HAL_CAN_ActivateNotification             0x080015ad   Thumb Code    36  stm32f4xx_hal_can.o(i.HAL_CAN_ActivateNotification)
    HAL_CAN_ConfigFilter                     0x080015d1   Thumb Code   262  stm32f4xx_hal_can.o(i.HAL_CAN_ConfigFilter)
    HAL_CAN_ErrorCallback                    0x080016dd   Thumb Code     2  stm32f4xx_hal_can.o(i.HAL_CAN_ErrorCallback)
    HAL_CAN_GetRxMessage                     0x080016df   Thumb Code   232  stm32f4xx_hal_can.o(i.HAL_CAN_GetRxMessage)
    HAL_CAN_IRQHandler                       0x080017c7   Thumb Code   508  stm32f4xx_hal_can.o(i.HAL_CAN_IRQHandler)
    HAL_CAN_Init                             0x080019c3   Thumb Code   282  stm32f4xx_hal_can.o(i.HAL_CAN_Init)
    HAL_CAN_MspInit                          0x08001add   Thumb Code   126  can.o(i.HAL_CAN_MspInit)
    HAL_CAN_RxFifo0FullCallback              0x08001b69   Thumb Code     2  stm32f4xx_hal_can.o(i.HAL_CAN_RxFifo0FullCallback)
    HAL_CAN_RxFifo0MsgPendingCallback        0x08001b6d   Thumb Code   198  bsp_can.o(i.HAL_CAN_RxFifo0MsgPendingCallback)
    HAL_CAN_RxFifo1FullCallback              0x08001c51   Thumb Code     2  stm32f4xx_hal_can.o(i.HAL_CAN_RxFifo1FullCallback)
    HAL_CAN_RxFifo1MsgPendingCallback        0x08001c53   Thumb Code     2  stm32f4xx_hal_can.o(i.HAL_CAN_RxFifo1MsgPendingCallback)
    HAL_CAN_SleepCallback                    0x08001c55   Thumb Code     2  stm32f4xx_hal_can.o(i.HAL_CAN_SleepCallback)
    HAL_CAN_Start                            0x08001c59   Thumb Code    88  stm32f4xx_hal_can.o(i.HAL_CAN_Start)
    HAL_CAN_TxMailbox0AbortCallback          0x08001cb1   Thumb Code     2  stm32f4xx_hal_can.o(i.HAL_CAN_TxMailbox0AbortCallback)
    HAL_CAN_TxMailbox0CompleteCallback       0x08001cb3   Thumb Code     2  stm32f4xx_hal_can.o(i.HAL_CAN_TxMailbox0CompleteCallback)
    HAL_CAN_TxMailbox1AbortCallback          0x08001cb5   Thumb Code     2  stm32f4xx_hal_can.o(i.HAL_CAN_TxMailbox1AbortCallback)
    HAL_CAN_TxMailbox1CompleteCallback       0x08001cb7   Thumb Code     2  stm32f4xx_hal_can.o(i.HAL_CAN_TxMailbox1CompleteCallback)
    HAL_CAN_TxMailbox2AbortCallback          0x08001cb9   Thumb Code     2  stm32f4xx_hal_can.o(i.HAL_CAN_TxMailbox2AbortCallback)
    HAL_CAN_TxMailbox2CompleteCallback       0x08001cbb   Thumb Code     2  stm32f4xx_hal_can.o(i.HAL_CAN_TxMailbox2CompleteCallback)
    HAL_CAN_WakeUpFromRxMsgCallback          0x08001cbd   Thumb Code     2  stm32f4xx_hal_can.o(i.HAL_CAN_WakeUpFromRxMsgCallback)
    HAL_DMA_Abort_IT                         0x08001cbf   Thumb Code    36  stm32f4xx_hal_dma.o(i.HAL_DMA_Abort_IT)
    HAL_DMA_IRQHandler                       0x08001ce5   Thumb Code   412  stm32f4xx_hal_dma.o(i.HAL_DMA_IRQHandler)
    HAL_DMA_Init                             0x08001e85   Thumb Code   206  stm32f4xx_hal_dma.o(i.HAL_DMA_Init)
    HAL_DMA_Start_IT                         0x08001f59   Thumb Code   120  stm32f4xx_hal_dma.o(i.HAL_DMA_Start_IT)
    HAL_GPIO_Init                            0x08001fd1   Thumb Code   388  stm32f4xx_hal_gpio.o(i.HAL_GPIO_Init)
    HAL_GPIO_TogglePin                       0x08002181   Thumb Code    14  stm32f4xx_hal_gpio.o(i.HAL_GPIO_TogglePin)
    HAL_GPIO_WritePin                        0x0800218f   Thumb Code    10  stm32f4xx_hal_gpio.o(i.HAL_GPIO_WritePin)
    HAL_GetTick                              0x08002199   Thumb Code     6  stm32f4xx_hal.o(i.HAL_GetTick)
    HAL_IncTick                              0x080021a5   Thumb Code    12  stm32f4xx_hal.o(i.HAL_IncTick)
    HAL_Init                                 0x080021b5   Thumb Code    48  stm32f4xx_hal.o(i.HAL_Init)
    HAL_InitTick                             0x080021e9   Thumb Code    54  stm32f4xx_hal.o(i.HAL_InitTick)
    HAL_MspInit                              0x08002229   Thumb Code    42  stm32f4xx_hal_msp.o(i.HAL_MspInit)
    HAL_NVIC_EnableIRQ                       0x08002259   Thumb Code    26  stm32f4xx_hal_cortex.o(i.HAL_NVIC_EnableIRQ)
    HAL_NVIC_SetPriority                     0x08002275   Thumb Code    60  stm32f4xx_hal_cortex.o(i.HAL_NVIC_SetPriority)
    HAL_NVIC_SetPriorityGrouping             0x080022b5   Thumb Code    26  stm32f4xx_hal_cortex.o(i.HAL_NVIC_SetPriorityGrouping)
    HAL_RCC_ClockConfig                      0x080022d9   Thumb Code   286  stm32f4xx_hal_rcc.o(i.HAL_RCC_ClockConfig)
    HAL_RCC_GetPCLK1Freq                     0x08002409   Thumb Code    20  stm32f4xx_hal_rcc.o(i.HAL_RCC_GetPCLK1Freq)
    HAL_RCC_GetPCLK2Freq                     0x08002429   Thumb Code    20  stm32f4xx_hal_rcc.o(i.HAL_RCC_GetPCLK2Freq)
    HAL_RCC_GetSysClockFreq                  0x08002449   Thumb Code    88  stm32f4xx_hal_rcc.o(i.HAL_RCC_GetSysClockFreq)
    HAL_RCC_OscConfig                        0x080024ad   Thumb Code   770  stm32f4xx_hal_rcc.o(i.HAL_RCC_OscConfig)
    HAL_SYSTICK_Config                       0x080027c9   Thumb Code    40  stm32f4xx_hal_cortex.o(i.HAL_SYSTICK_Config)
    HAL_TIMEx_BreakCallback                  0x080027f1   Thumb Code     2  stm32f4xx_hal_tim_ex.o(i.HAL_TIMEx_BreakCallback)
    HAL_TIMEx_CommutCallback                 0x080027f3   Thumb Code     2  stm32f4xx_hal_tim_ex.o(i.HAL_TIMEx_CommutCallback)
    HAL_TIMEx_MasterConfigSynchronization    0x080027f5   Thumb Code    66  stm32f4xx_hal_tim_ex.o(i.HAL_TIMEx_MasterConfigSynchronization)
    HAL_TIM_Base_Init                        0x08002837   Thumb Code    54  stm32f4xx_hal_tim.o(i.HAL_TIM_Base_Init)
    HAL_TIM_Base_MspInit                     0x0800286d   Thumb Code   122  tim.o(i.HAL_TIM_Base_MspInit)
    HAL_TIM_Base_Start_IT                    0x080028f9   Thumb Code    34  stm32f4xx_hal_tim.o(i.HAL_TIM_Base_Start_IT)
    HAL_TIM_ConfigClockSource                0x0800291b   Thumb Code   214  stm32f4xx_hal_tim.o(i.HAL_TIM_ConfigClockSource)
    HAL_TIM_IC_CaptureCallback               0x080029f1   Thumb Code     2  stm32f4xx_hal_tim.o(i.HAL_TIM_IC_CaptureCallback)
    HAL_TIM_IRQHandler                       0x080029f3   Thumb Code   358  stm32f4xx_hal_tim.o(i.HAL_TIM_IRQHandler)
    HAL_TIM_MspPostInit                      0x08002b59   Thumb Code    68  tim.o(i.HAL_TIM_MspPostInit)
    HAL_TIM_OC_DelayElapsedCallback          0x08002ba9   Thumb Code     2  stm32f4xx_hal_tim.o(i.HAL_TIM_OC_DelayElapsedCallback)
    HAL_TIM_PWM_ConfigChannel                0x08002bab   Thumb Code   208  stm32f4xx_hal_tim.o(i.HAL_TIM_PWM_ConfigChannel)
    HAL_TIM_PWM_Init                         0x08002c7b   Thumb Code    54  stm32f4xx_hal_tim.o(i.HAL_TIM_PWM_Init)
    HAL_TIM_PWM_MspInit                      0x08002cb1   Thumb Code     2  stm32f4xx_hal_tim.o(i.HAL_TIM_PWM_MspInit)
    HAL_TIM_PWM_PulseFinishedCallback        0x08002cb3   Thumb Code     2  stm32f4xx_hal_tim.o(i.HAL_TIM_PWM_PulseFinishedCallback)
    HAL_TIM_PWM_Start                        0x08002cb5   Thumb Code    58  stm32f4xx_hal_tim.o(i.HAL_TIM_PWM_Start)
    HAL_TIM_PeriodElapsedCallback            0x08002cf9   Thumb Code    44  bsp_tim.o(i.HAL_TIM_PeriodElapsedCallback)
    HAL_TIM_TriggerCallback                  0x08002d35   Thumb Code     2  stm32f4xx_hal_tim.o(i.HAL_TIM_TriggerCallback)
    HAL_UART_ErrorCallback                   0x08002d37   Thumb Code    18  bsp_uart.o(i.HAL_UART_ErrorCallback)
    HAL_UART_IRQHandler                      0x08002d49   Thumb Code   266  stm32f4xx_hal_uart.o(i.HAL_UART_IRQHandler)
    HAL_UART_Init                            0x08002e59   Thumb Code    98  stm32f4xx_hal_uart.o(i.HAL_UART_Init)
    HAL_UART_MspInit                         0x08002ebd   Thumb Code   108  usart.o(i.HAL_UART_MspInit)
    HAL_UART_Receive_IT                      0x08002f35   Thumb Code    82  stm32f4xx_hal_uart.o(i.HAL_UART_Receive_IT)
    HAL_UART_RxCpltCallback                  0x08002f89   Thumb Code    52  bsp_uart.o(i.HAL_UART_RxCpltCallback)
    HAL_UART_TxCpltCallback                  0x08002fcd   Thumb Code     2  stm32f4xx_hal_uart.o(i.HAL_UART_TxCpltCallback)
    HardFault_Handler                        0x08002fcf   Thumb Code     2  stm32f4xx_it.o(i.HardFault_Handler)
    MX_ADC1_Init                             0x08002fd1   Thumb Code   112  adc.o(i.MX_ADC1_Init)
    MX_CAN1_Init                             0x08003049   Thumb Code    62  can.o(i.MX_CAN1_Init)
    MX_DMA_Init                              0x08003091   Thumb Code    40  dma.o(i.MX_DMA_Init)
    MX_GPIO_Init                             0x080030bd   Thumb Code   144  gpio.o(i.MX_GPIO_Init)
    MX_TIM3_Init                             0x08003159   Thumb Code    94  tim.o(i.MX_TIM3_Init)
    MX_TIM5_Init                             0x080031c1   Thumb Code   144  tim.o(i.MX_TIM5_Init)
    MX_TIM6_Init                             0x08003259   Thumb Code    62  tim.o(i.MX_TIM6_Init)
    MX_USART2_UART_Init                      0x080032a1   Thumb Code    48  usart.o(i.MX_USART2_UART_Init)
    MY_CAN1_ENABLE                           0x080032d9   Thumb Code    26  bsp_can.o(i.MY_CAN1_ENABLE)
    MY_UART_INIT                             0x080032f9   Thumb Code    26  bsp_uart.o(i.MY_UART_INIT)
    MemManage_Handler                        0x0800331d   Thumb Code     2  stm32f4xx_it.o(i.MemManage_Handler)
    NMI_Handler                              0x0800331f   Thumb Code     2  stm32f4xx_it.o(i.NMI_Handler)
    PID_AbsoluteMode                         0x08003321   Thumb Code   582  pid.o(i.PID_AbsoluteMode)
    PendSV_Handler                           0x0800356d   Thumb Code     2  stm32f4xx_it.o(i.PendSV_Handler)
    SVC_Handler                              0x0800356f   Thumb Code     2  stm32f4xx_it.o(i.SVC_Handler)
    SplitStr                                 0x08003571   Thumb Code    80  stmgood.o(i.SplitStr)
    StrToFloat                               0x080035c1   Thumb Code   282  stmgood.o(i.StrToFloat)
    Strlen                                   0x080036f5   Thumb Code    16  stmgood.o(i.Strlen)
    SubStr                                   0x08003705   Thumb Code    34  stmgood.o(i.SubStr)
    SysTick_Handler                          0x0800372d   Thumb Code     4  stm32f4xx_it.o(i.SysTick_Handler)
    SystemClock_Config                       0x08003731   Thumb Code   124  main.o(i.SystemClock_Config)
    SystemInit                               0x080037b5   Thumb Code    66  system_stm32f4xx.o(i.SystemInit)
    TIM3_IRQHandler                          0x08003809   Thumb Code     6  stm32f4xx_it.o(i.TIM3_IRQHandler)
    TIM5_IRQHandler                          0x08003815   Thumb Code     6  stm32f4xx_it.o(i.TIM5_IRQHandler)
    TIM6_DAC_IRQHandler                      0x08003821   Thumb Code     6  stm32f4xx_it.o(i.TIM6_DAC_IRQHandler)
    TIM_Base_SetConfig                       0x0800382d   Thumb Code   156  stm32f4xx_hal_tim.o(i.TIM_Base_SetConfig)
    TIM_CCxChannelCmd                        0x080038f5   Thumb Code    26  stm32f4xx_hal_tim.o(i.TIM_CCxChannelCmd)
    TIM_ETR_SetConfig                        0x0800390f   Thumb Code    20  stm32f4xx_hal_tim.o(i.TIM_ETR_SetConfig)
    TIM_OC2_SetConfig                        0x08003995   Thumb Code    98  stm32f4xx_hal_tim.o(i.TIM_OC2_SetConfig)
    USART2_IRQHandler                        0x08003ed1   Thumb Code     6  stm32f4xx_it.o(i.USART2_IRQHandler)
    UsageFault_Handler                       0x08003edd   Thumb Code     2  stm32f4xx_it.o(i.UsageFault_Handler)
    __0printf                                0x08003ee1   Thumb Code    22  printfa.o(i.__0printf)
    __1printf                                0x08003ee1   Thumb Code     0  printfa.o(i.__0printf)
    __2printf                                0x08003ee1   Thumb Code     0  printfa.o(i.__0printf)
    __c89printf                              0x08003ee1   Thumb Code     0  printfa.o(i.__0printf)
    printf                                   0x08003ee1   Thumb Code     0  printfa.o(i.__0printf)
    __scatterload_copy                       0x08003f21   Thumb Code    14  handlers.o(i.__scatterload_copy)
    __scatterload_null                       0x08003f2f   Thumb Code     2  handlers.o(i.__scatterload_null)
    __scatterload_zeroinit                   0x08003f31   Thumb Code    14  handlers.o(i.__scatterload_zeroinit)
    cmd                                      0x080047f5   Thumb Code   618  stmgood.o(i.cmd)
    current_ctrl                             0x08004b11   Thumb Code    54  bsp_tim.o(i.current_ctrl)
    debug_ctrl                               0x08004b59   Thumb Code   220  bsp_tim.o(i.debug_ctrl)
    fputc                                    0x08004d3d   Thumb Code    18  bsp_uart.o(i.fputc)
    go1                                      0x08004d55   Thumb Code     6  stmgood.o(i.go1)
    main                                     0x08004d65   Thumb Code   100  main.o(i.main)
    multi1                                   0x08004de1   Thumb Code    50  stmgood.o(i.multi1)
    multi2                                   0x08004e35   Thumb Code    50  stmgood.o(i.multi2)
    pid_abs_para_init                        0x08004e85   Thumb Code    60  pid.o(i.pid_abs_para_init)
    AHBPrescTable                            0x08004ec0   Data          16  system_stm32f4xx.o(.constdata)
    APBPrescTable                            0x08004ed0   Data           8  system_stm32f4xx.o(.constdata)
    Region$$Table$$Base                      0x08004f24   Number         0  anon$$obj.o(Region$$Table)
    Region$$Table$$Limit                     0x08004f44   Number         0  anon$$obj.o(Region$$Table)
    data2bytes                               0x20000000   Data           2  bsp_can.o(.data)
    data4bytes                               0x20000004   Data           4  bsp_can.o(.data)
    Count                                    0x20000020   Data           1  stmgood.o(.data)
    P                                        0x20000028   Data           8  stmgood.o(.data)
    I                                        0x20000030   Data           8  stmgood.o(.data)
    D                                        0x20000038   Data           8  stmgood.o(.data)
    p                                        0x20000040   Data           8  stmgood.o(.data)
    i                                        0x20000048   Data           8  stmgood.o(.data)
    d                                        0x20000050   Data           8  stmgood.o(.data)
    SystemCoreClock                          0x20000058   Data           4  system_stm32f4xx.o(.data)
    uwTickFreq                               0x2000005c   Data           1  stm32f4xx_hal.o(.data)
    uwTickPrio                               0x20000060   Data           4  stm32f4xx_hal.o(.data)
    uwTick                                   0x20000064   Data           4  stm32f4xx_hal.o(.data)
    __stdout                                 0x20000068   Data           4  stdout.o(.data)
    can1_tx                                  0x2000006c   Data          32  bsp_can.o(.bss)
    can1_rx                                  0x2000008c   Data          36  bsp_can.o(.bss)
    Judge_PowerHeatData                      0x200000b0   Data          16  bsp_can.o(.bss)
    uart2_rx_buff                            0x200000c0   Data          50  bsp_uart.o(.bss)
    Cmd1                                     0x200000f8   Data          20  stmgood.o(.bss)
    Cmd2                                     0x2000010c   Data          80  stmgood.o(.bss)
    Data                                     0x2000015c   Data         100  stmgood.o(.bss)
    Str1                                     0x200001c0   Data         100  stmgood.o(.bss)
    xx                                       0x20000228   Data         800  stmgood.o(.bss)
    discharging_cur_pid                      0x20000548   Data          60  cap_ctrl.o(.bss)
    cap_info                                 0x20000584   Data          56  cap_ctrl.o(.bss)
    FPS                                      0x200005bc   Data          24  main.o(.bss)
    hadc1                                    0x200005d4   Data          72  adc.o(.bss)
    hdma_adc1                                0x2000061c   Data          96  adc.o(.bss)
    hcan1                                    0x2000067c   Data          40  can.o(.bss)
    htim3                                    0x200006a4   Data          64  tim.o(.bss)
    htim5                                    0x200006e4   Data          64  tim.o(.bss)
    htim6                                    0x20000724   Data          64  tim.o(.bss)
    huart2                                   0x20000764   Data          64  usart.o(.bss)
    __initial_sp                             0x20000ba8   Data           0  startup_stm32f405xx.o(STACK)



==============================================================================

Memory Map of the image

  Image Entry point : 0x08000189

  Load Region LR_IROM1 (Base: 0x08000000, Size: 0x00004fb0, Max: 0x00100000, ABSOLUTE)

    Execution Region ER_IROM1 (Exec base: 0x08000000, Load base: 0x08000000, Size: 0x00004f44, Max: 0x00100000, ABSOLUTE)

    Exec Addr    Load Addr    Size         Type   Attr      Idx    E Section Name        Object

    0x08000000   0x08000000   0x00000188   Data   RO            3    RESET               startup_stm32f405xx.o
    0x08000188   0x08000188   0x00000000   Code   RO         4350  * .ARM.Collect$$$$00000000  mc_w.l(entry.o)
    0x08000188   0x08000188   0x00000004   Code   RO         4632    .ARM.Collect$$$$00000001  mc_w.l(entry2.o)
    0x0800018c   0x0800018c   0x00000004   Code   RO         4635    .ARM.Collect$$$$00000004  mc_w.l(entry5.o)
    0x08000190   0x08000190   0x00000000   Code   RO         4637    .ARM.Collect$$$$00000008  mc_w.l(entry7b.o)
    0x08000190   0x08000190   0x00000000   Code   RO         4639    .ARM.Collect$$$$0000000A  mc_w.l(entry8b.o)
    0x08000190   0x08000190   0x00000008   Code   RO         4640    .ARM.Collect$$$$0000000B  mc_w.l(entry9a.o)
    0x08000198   0x08000198   0x00000000   Code   RO         4642    .ARM.Collect$$$$0000000D  mc_w.l(entry10a.o)
    0x08000198   0x08000198   0x00000000   Code   RO         4644    .ARM.Collect$$$$0000000F  mc_w.l(entry11a.o)
    0x08000198   0x08000198   0x00000004   Code   RO         4633    .ARM.Collect$$$$00002712  mc_w.l(entry2.o)
    0x0800019c   0x0800019c   0x00000024   Code   RO            4    .text               startup_stm32f405xx.o
    0x080001c0   0x080001c0   0x00000062   Code   RO         4353    .text               mc_w.l(uldiv.o)
    0x08000222   0x08000222   0x00000024   Code   RO         4355    .text               mc_w.l(memseta.o)
    0x08000246   0x08000246   0x0000014e   Code   RO         4618    .text               mf_w.l(dadd.o)
    0x08000394   0x08000394   0x000000e4   Code   RO         4620    .text               mf_w.l(dmul.o)
    0x08000478   0x08000478   0x000000de   Code   RO         4622    .text               mf_w.l(ddiv.o)
    0x08000556   0x08000556   0x00000022   Code   RO         4626    .text               mf_w.l(dflti.o)
    0x08000578   0x08000578   0x00000026   Code   RO         4628    .text               mf_w.l(f2d.o)
    0x0800059e   0x0800059e   0x00000038   Code   RO         4630    .text               mf_w.l(d2f.o)
    0x080005d6   0x080005d6   0x0000002c   Code   RO         4647    .text               mc_w.l(uidiv.o)
    0x08000602   0x08000602   0x0000001e   Code   RO         4649    .text               mc_w.l(llshl.o)
    0x08000620   0x08000620   0x00000020   Code   RO         4651    .text               mc_w.l(llushr.o)
    0x08000640   0x08000640   0x00000024   Code   RO         4653    .text               mc_w.l(llsshr.o)
    0x08000664   0x08000664   0x00000000   Code   RO         4655    .text               mc_w.l(iusefp.o)
    0x08000664   0x08000664   0x0000006e   Code   RO         4656    .text               mf_w.l(fepilogue.o)
    0x080006d2   0x080006d2   0x000000ba   Code   RO         4658    .text               mf_w.l(depilogue.o)
    0x0800078c   0x0800078c   0x00000030   Code   RO         4660    .text               mf_w.l(dfixul.o)
    0x080007bc   0x080007bc   0x00000030   Code   RO         4662    .text               mf_w.l(cdrcmple.o)
    0x080007ec   0x080007ec   0x00000024   Code   RO         4664    .text               mc_w.l(init.o)
    0x08000810   0x08000810   0x0000006e   Code   RO         1461    i.ADC_DMAConvCplt   stm32f4xx_hal_adc.o
    0x0800087e   0x0800087e   0x00000016   Code   RO         1462    i.ADC_DMAError      stm32f4xx_hal_adc.o
    0x08000894   0x08000894   0x0000000a   Code   RO         1463    i.ADC_DMAHalfConvCplt  stm32f4xx_hal_adc.o
    0x0800089e   0x0800089e   0x00000002   PAD
    0x080008a0   0x080008a0   0x0000000c   Code   RO         1275    i.ADC_IRQHandler    stm32f4xx_it.o
    0x080008ac   0x080008ac   0x00000128   Code   RO         1464    i.ADC_Init          stm32f4xx_hal_adc.o
    0x080009d4   0x080009d4   0x00000002   Code   RO         1276    i.BusFault_Handler  stm32f4xx_it.o
    0x080009d6   0x080009d6   0x00000002   PAD
    0x080009d8   0x080009d8   0x0000000c   Code   RO         1277    i.CAN1_RX0_IRQHandler  stm32f4xx_it.o
    0x080009e4   0x080009e4   0x0000000c   Code   RO         1278    i.CAN1_TX_IRQHandler  stm32f4xx_it.o
    0x080009f0   0x080009f0   0x000000c8   Code   RO           15    i.CanFilter_Init    bsp_can.o
    0x08000ab8   0x08000ab8   0x00000048   Code   RO          871    i.CapInfo_Init      cap_ctrl.o
    0x08000b00   0x08000b00   0x0000020c   Code   RO          494    i.Command           stmgood.o
    0x08000d0c   0x08000d0c   0x00000030   Code   RO          495    i.CompStr           stmgood.o
    0x08000d3c   0x08000d3c   0x00000016   Code   RO          496    i.CopyStr           stmgood.o
    0x08000d52   0x08000d52   0x00000002   PAD
    0x08000d54   0x08000d54   0x0000000c   Code   RO         1279    i.DMA2_Stream0_IRQHandler  stm32f4xx_it.o
    0x08000d60   0x08000d60   0x00000028   Code   RO         3683    i.DMA_CalcBaseAndBitshift  stm32f4xx_hal_dma.o
    0x08000d88   0x08000d88   0x00000054   Code   RO         3684    i.DMA_CheckFifoParam  stm32f4xx_hal_dma.o
    0x08000ddc   0x08000ddc   0x00000028   Code   RO         3685    i.DMA_SetConfig     stm32f4xx_hal_dma.o
    0x08000e04   0x08000e04   0x00000088   Code   RO          497    i.DealStr           stmgood.o
    0x08000e8c   0x08000e8c   0x00000090   Code   RO          498    i.Dealdata          stmgood.o
    0x08000f1c   0x08000f1c   0x00000002   Code   RO         1280    i.DebugMon_Handler  stm32f4xx_it.o
    0x08000f1e   0x08000f1e   0x00000002   PAD
    0x08000f20   0x08000f20   0x00000050   Code   RO          872    i.DisChargingControl  cap_ctrl.o
    0x08000f70   0x08000f70   0x00000002   Code   RO          982    i.Error_Handler     main.o
    0x08000f72   0x08000f72   0x00000018   Code   RO          499    i.FirstSpace        stmgood.o
    0x08000f8a   0x08000f8a   0x00000002   Code   RO         1635    i.HAL_ADCEx_InjectedConvCpltCallback  stm32f4xx_hal_adc_ex.o
    0x08000f8c   0x08000f8c   0x0000014c   Code   RO         1466    i.HAL_ADC_ConfigChannel  stm32f4xx_hal_adc.o
    0x080010d8   0x080010d8   0x00000140   Code   RO          313    i.HAL_ADC_ConvCpltCallback  bsp_adc.o
    0x08001218   0x08001218   0x00000002   Code   RO         1468    i.HAL_ADC_ConvHalfCpltCallback  stm32f4xx_hal_adc.o
    0x0800121a   0x0800121a   0x00000002   Code   RO         1470    i.HAL_ADC_ErrorCallback  stm32f4xx_hal_adc.o
    0x0800121c   0x0800121c   0x0000013c   Code   RO         1474    i.HAL_ADC_IRQHandler  stm32f4xx_hal_adc.o
    0x08001358   0x08001358   0x00000054   Code   RO         1475    i.HAL_ADC_Init      stm32f4xx_hal_adc.o
    0x080013ac   0x080013ac   0x00000002   Code   RO         1476    i.HAL_ADC_LevelOutOfWindowCallback  stm32f4xx_hal_adc.o
    0x080013ae   0x080013ae   0x00000002   PAD
    0x080013b0   0x080013b0   0x000000cc   Code   RO         1060    i.HAL_ADC_MspInit   adc.o
    0x0800147c   0x0800147c   0x00000130   Code   RO         1482    i.HAL_ADC_Start_DMA  stm32f4xx_hal_adc.o
    0x080015ac   0x080015ac   0x00000024   Code   RO         1737    i.HAL_CAN_ActivateNotification  stm32f4xx_hal_can.o
    0x080015d0   0x080015d0   0x0000010c   Code   RO         1739    i.HAL_CAN_ConfigFilter  stm32f4xx_hal_can.o
    0x080016dc   0x080016dc   0x00000002   Code   RO         1742    i.HAL_CAN_ErrorCallback  stm32f4xx_hal_can.o
    0x080016de   0x080016de   0x000000e8   Code   RO         1745    i.HAL_CAN_GetRxMessage  stm32f4xx_hal_can.o
    0x080017c6   0x080017c6   0x000001fc   Code   RO         1749    i.HAL_CAN_IRQHandler  stm32f4xx_hal_can.o
    0x080019c2   0x080019c2   0x0000011a   Code   RO         1750    i.HAL_CAN_Init      stm32f4xx_hal_can.o
    0x08001adc   0x08001adc   0x0000008c   Code   RO         1103    i.HAL_CAN_MspInit   can.o
    0x08001b68   0x08001b68   0x00000002   Code   RO         1757    i.HAL_CAN_RxFifo0FullCallback  stm32f4xx_hal_can.o
    0x08001b6a   0x08001b6a   0x00000002   PAD
    0x08001b6c   0x08001b6c   0x000000e4   Code   RO           16    i.HAL_CAN_RxFifo0MsgPendingCallback  bsp_can.o
    0x08001c50   0x08001c50   0x00000002   Code   RO         1759    i.HAL_CAN_RxFifo1FullCallback  stm32f4xx_hal_can.o
    0x08001c52   0x08001c52   0x00000002   Code   RO         1760    i.HAL_CAN_RxFifo1MsgPendingCallback  stm32f4xx_hal_can.o
    0x08001c54   0x08001c54   0x00000002   Code   RO         1761    i.HAL_CAN_SleepCallback  stm32f4xx_hal_can.o
    0x08001c56   0x08001c56   0x00000002   PAD
    0x08001c58   0x08001c58   0x00000058   Code   RO         1762    i.HAL_CAN_Start     stm32f4xx_hal_can.o
    0x08001cb0   0x08001cb0   0x00000002   Code   RO         1764    i.HAL_CAN_TxMailbox0AbortCallback  stm32f4xx_hal_can.o
    0x08001cb2   0x08001cb2   0x00000002   Code   RO         1765    i.HAL_CAN_TxMailbox0CompleteCallback  stm32f4xx_hal_can.o
    0x08001cb4   0x08001cb4   0x00000002   Code   RO         1766    i.HAL_CAN_TxMailbox1AbortCallback  stm32f4xx_hal_can.o
    0x08001cb6   0x08001cb6   0x00000002   Code   RO         1767    i.HAL_CAN_TxMailbox1CompleteCallback  stm32f4xx_hal_can.o
    0x08001cb8   0x08001cb8   0x00000002   Code   RO         1768    i.HAL_CAN_TxMailbox2AbortCallback  stm32f4xx_hal_can.o
    0x08001cba   0x08001cba   0x00000002   Code   RO         1769    i.HAL_CAN_TxMailbox2CompleteCallback  stm32f4xx_hal_can.o
    0x08001cbc   0x08001cbc   0x00000002   Code   RO         1771    i.HAL_CAN_WakeUpFromRxMsgCallback  stm32f4xx_hal_can.o
    0x08001cbe   0x08001cbe   0x00000024   Code   RO         3687    i.HAL_DMA_Abort_IT  stm32f4xx_hal_dma.o
    0x08001ce2   0x08001ce2   0x00000002   PAD
    0x08001ce4   0x08001ce4   0x000001a0   Code   RO         3691    i.HAL_DMA_IRQHandler  stm32f4xx_hal_dma.o
    0x08001e84   0x08001e84   0x000000d4   Code   RO         3692    i.HAL_DMA_Init      stm32f4xx_hal_dma.o
    0x08001f58   0x08001f58   0x00000078   Code   RO         3696    i.HAL_DMA_Start_IT  stm32f4xx_hal_dma.o
    0x08001fd0   0x08001fd0   0x000001b0   Code   RO         3579    i.HAL_GPIO_Init     stm32f4xx_hal_gpio.o
    0x08002180   0x08002180   0x0000000e   Code   RO         3582    i.HAL_GPIO_TogglePin  stm32f4xx_hal_gpio.o
    0x0800218e   0x0800218e   0x0000000a   Code   RO         3583    i.HAL_GPIO_WritePin  stm32f4xx_hal_gpio.o
    0x08002198   0x08002198   0x0000000c   Code   RO         4111    i.HAL_GetTick       stm32f4xx_hal.o
    0x080021a4   0x080021a4   0x00000010   Code   RO         4117    i.HAL_IncTick       stm32f4xx_hal.o
    0x080021b4   0x080021b4   0x00000034   Code   RO         4118    i.HAL_Init          stm32f4xx_hal.o
    0x080021e8   0x080021e8   0x00000040   Code   RO         4119    i.HAL_InitTick      stm32f4xx_hal.o
    0x08002228   0x08002228   0x00000030   Code   RO         1399    i.HAL_MspInit       stm32f4xx_hal_msp.o
    0x08002258   0x08002258   0x0000001a   Code   RO         3968    i.HAL_NVIC_EnableIRQ  stm32f4xx_hal_cortex.o
    0x08002272   0x08002272   0x00000002   PAD
    0x08002274   0x08002274   0x00000040   Code   RO         3974    i.HAL_NVIC_SetPriority  stm32f4xx_hal_cortex.o
    0x080022b4   0x080022b4   0x00000024   Code   RO         3975    i.HAL_NVIC_SetPriorityGrouping  stm32f4xx_hal_cortex.o
    0x080022d8   0x080022d8   0x00000130   Code   RO         3225    i.HAL_RCC_ClockConfig  stm32f4xx_hal_rcc.o
    0x08002408   0x08002408   0x00000020   Code   RO         3232    i.HAL_RCC_GetPCLK1Freq  stm32f4xx_hal_rcc.o
    0x08002428   0x08002428   0x00000020   Code   RO         3233    i.HAL_RCC_GetPCLK2Freq  stm32f4xx_hal_rcc.o
    0x08002448   0x08002448   0x00000064   Code   RO         3234    i.HAL_RCC_GetSysClockFreq  stm32f4xx_hal_rcc.o
    0x080024ac   0x080024ac   0x0000031c   Code   RO         3237    i.HAL_RCC_OscConfig  stm32f4xx_hal_rcc.o
    0x080027c8   0x080027c8   0x00000028   Code   RO         3979    i.HAL_SYSTICK_Config  stm32f4xx_hal_cortex.o
    0x080027f0   0x080027f0   0x00000002   Code   RO         2647    i.HAL_TIMEx_BreakCallback  stm32f4xx_hal_tim_ex.o
    0x080027f2   0x080027f2   0x00000002   Code   RO         2648    i.HAL_TIMEx_CommutCallback  stm32f4xx_hal_tim_ex.o
    0x080027f4   0x080027f4   0x00000042   Code   RO         2665    i.HAL_TIMEx_MasterConfigSynchronization  stm32f4xx_hal_tim_ex.o
    0x08002836   0x08002836   0x00000036   Code   RO         1972    i.HAL_TIM_Base_Init  stm32f4xx_hal_tim.o
    0x0800286c   0x0800286c   0x0000008c   Code   RO         1169    i.HAL_TIM_Base_MspInit  tim.o
    0x080028f8   0x080028f8   0x00000022   Code   RO         1977    i.HAL_TIM_Base_Start_IT  stm32f4xx_hal_tim.o
    0x0800291a   0x0800291a   0x000000d6   Code   RO         1981    i.HAL_TIM_ConfigClockSource  stm32f4xx_hal_tim.o
    0x080029f0   0x080029f0   0x00000002   Code   RO         2001    i.HAL_TIM_IC_CaptureCallback  stm32f4xx_hal_tim.o
    0x080029f2   0x080029f2   0x00000166   Code   RO         2015    i.HAL_TIM_IRQHandler  stm32f4xx_hal_tim.o
    0x08002b58   0x08002b58   0x00000050   Code   RO         1170    i.HAL_TIM_MspPostInit  tim.o
    0x08002ba8   0x08002ba8   0x00000002   Code   RO         2018    i.HAL_TIM_OC_DelayElapsedCallback  stm32f4xx_hal_tim.o
    0x08002baa   0x08002baa   0x000000d0   Code   RO         2039    i.HAL_TIM_PWM_ConfigChannel  stm32f4xx_hal_tim.o
    0x08002c7a   0x08002c7a   0x00000036   Code   RO         2042    i.HAL_TIM_PWM_Init  stm32f4xx_hal_tim.o
    0x08002cb0   0x08002cb0   0x00000002   Code   RO         2044    i.HAL_TIM_PWM_MspInit  stm32f4xx_hal_tim.o
    0x08002cb2   0x08002cb2   0x00000002   Code   RO         2045    i.HAL_TIM_PWM_PulseFinishedCallback  stm32f4xx_hal_tim.o
    0x08002cb4   0x08002cb4   0x00000044   Code   RO         2047    i.HAL_TIM_PWM_Start  stm32f4xx_hal_tim.o
    0x08002cf8   0x08002cf8   0x0000003c   Code   RO          345    i.HAL_TIM_PeriodElapsedCallback  bsp_tim.o
    0x08002d34   0x08002d34   0x00000002   Code   RO         2058    i.HAL_TIM_TriggerCallback  stm32f4xx_hal_tim.o
    0x08002d36   0x08002d36   0x00000012   Code   RO          237    i.HAL_UART_ErrorCallback  bsp_uart.o
    0x08002d48   0x08002d48   0x00000110   Code   RO         2922    i.HAL_UART_IRQHandler  stm32f4xx_hal_uart.o
    0x08002e58   0x08002e58   0x00000062   Code   RO         2923    i.HAL_UART_Init     stm32f4xx_hal_uart.o
    0x08002eba   0x08002eba   0x00000002   PAD
    0x08002ebc   0x08002ebc   0x00000078   Code   RO         1233    i.HAL_UART_MspInit  usart.o
    0x08002f34   0x08002f34   0x00000052   Code   RO         2928    i.HAL_UART_Receive_IT  stm32f4xx_hal_uart.o
    0x08002f86   0x08002f86   0x00000002   PAD
    0x08002f88   0x08002f88   0x00000044   Code   RO          238    i.HAL_UART_RxCpltCallback  bsp_uart.o
    0x08002fcc   0x08002fcc   0x00000002   Code   RO         2934    i.HAL_UART_TxCpltCallback  stm32f4xx_hal_uart.o
    0x08002fce   0x08002fce   0x00000002   Code   RO         1281    i.HardFault_Handler  stm32f4xx_it.o
    0x08002fd0   0x08002fd0   0x00000078   Code   RO         1061    i.MX_ADC1_Init      adc.o
    0x08003048   0x08003048   0x00000048   Code   RO         1104    i.MX_CAN1_Init      can.o
    0x08003090   0x08003090   0x0000002c   Code   RO         1144    i.MX_DMA_Init       dma.o
    0x080030bc   0x080030bc   0x0000009c   Code   RO         1035    i.MX_GPIO_Init      gpio.o
    0x08003158   0x08003158   0x00000068   Code   RO         1171    i.MX_TIM3_Init      tim.o
    0x080031c0   0x080031c0   0x00000098   Code   RO         1172    i.MX_TIM5_Init      tim.o
    0x08003258   0x08003258   0x00000048   Code   RO         1173    i.MX_TIM6_Init      tim.o
    0x080032a0   0x080032a0   0x00000038   Code   RO         1234    i.MX_USART2_UART_Init  usart.o
    0x080032d8   0x080032d8   0x00000020   Code   RO           17    i.MY_CAN1_ENABLE    bsp_can.o
    0x080032f8   0x080032f8   0x00000024   Code   RO          240    i.MY_UART_INIT      bsp_uart.o
    0x0800331c   0x0800331c   0x00000002   Code   RO         1282    i.MemManage_Handler  stm32f4xx_it.o
    0x0800331e   0x0800331e   0x00000002   Code   RO         1283    i.NMI_Handler       stm32f4xx_it.o
    0x08003320   0x08003320   0x0000024c   Code   RO          943    i.PID_AbsoluteMode  pid.o
    0x0800356c   0x0800356c   0x00000002   Code   RO         1284    i.PendSV_Handler    stm32f4xx_it.o
    0x0800356e   0x0800356e   0x00000002   Code   RO         1285    i.SVC_Handler       stm32f4xx_it.o
    0x08003570   0x08003570   0x00000050   Code   RO          500    i.SplitStr          stmgood.o
    0x080035c0   0x080035c0   0x00000134   Code   RO          501    i.StrToFloat        stmgood.o
    0x080036f4   0x080036f4   0x00000010   Code   RO          503    i.Strlen            stmgood.o
    0x08003704   0x08003704   0x00000028   Code   RO          504    i.SubStr            stmgood.o
    0x0800372c   0x0800372c   0x00000004   Code   RO         1286    i.SysTick_Handler   stm32f4xx_it.o
    0x08003730   0x08003730   0x00000084   Code   RO          983    i.SystemClock_Config  main.o
    0x080037b4   0x080037b4   0x00000054   Code   RO         1424    i.SystemInit        system_stm32f4xx.o
    0x08003808   0x08003808   0x0000000c   Code   RO         1287    i.TIM3_IRQHandler   stm32f4xx_it.o
    0x08003814   0x08003814   0x0000000c   Code   RO         1288    i.TIM5_IRQHandler   stm32f4xx_it.o
    0x08003820   0x08003820   0x0000000c   Code   RO         1289    i.TIM6_DAC_IRQHandler  stm32f4xx_it.o
    0x0800382c   0x0800382c   0x000000c8   Code   RO         2060    i.TIM_Base_SetConfig  stm32f4xx_hal_tim.o
    0x080038f4   0x080038f4   0x0000001a   Code   RO         2061    i.TIM_CCxChannelCmd  stm32f4xx_hal_tim.o
    0x0800390e   0x0800390e   0x00000014   Code   RO         2071    i.TIM_ETR_SetConfig  stm32f4xx_hal_tim.o
    0x08003922   0x08003922   0x00000010   Code   RO         2072    i.TIM_ITRx_SetConfig  stm32f4xx_hal_tim.o
    0x08003932   0x08003932   0x00000002   PAD
    0x08003934   0x08003934   0x00000060   Code   RO         2073    i.TIM_OC1_SetConfig  stm32f4xx_hal_tim.o
    0x08003994   0x08003994   0x0000006c   Code   RO         2074    i.TIM_OC2_SetConfig  stm32f4xx_hal_tim.o
    0x08003a00   0x08003a00   0x00000068   Code   RO         2075    i.TIM_OC3_SetConfig  stm32f4xx_hal_tim.o
    0x08003a68   0x08003a68   0x00000050   Code   RO         2076    i.TIM_OC4_SetConfig  stm32f4xx_hal_tim.o
    0x08003ab8   0x08003ab8   0x00000022   Code   RO         2078    i.TIM_TI1_ConfigInputStage  stm32f4xx_hal_tim.o
    0x08003ada   0x08003ada   0x00000024   Code   RO         2080    i.TIM_TI2_ConfigInputStage  stm32f4xx_hal_tim.o
    0x08003afe   0x08003afe   0x00000010   Code   RO         2936    i.UART_DMAAbortOnError  stm32f4xx_hal_uart.o
    0x08003b0e   0x08003b0e   0x0000001c   Code   RO         2946    i.UART_EndRxTransfer  stm32f4xx_hal_uart.o
    0x08003b2a   0x08003b2a   0x00000096   Code   RO         2948    i.UART_Receive_IT   stm32f4xx_hal_uart.o
    0x08003bc0   0x08003bc0   0x000002ac   Code   RO         2949    i.UART_SetConfig    stm32f4xx_hal_uart.o
    0x08003e6c   0x08003e6c   0x00000062   Code   RO         2950    i.UART_Transmit_IT  stm32f4xx_hal_uart.o
    0x08003ece   0x08003ece   0x00000002   PAD
    0x08003ed0   0x08003ed0   0x0000000c   Code   RO         1290    i.USART2_IRQHandler  stm32f4xx_it.o
    0x08003edc   0x08003edc   0x00000002   Code   RO         1291    i.UsageFault_Handler  stm32f4xx_it.o
    0x08003ede   0x08003ede   0x00000002   PAD
    0x08003ee0   0x08003ee0   0x00000020   Code   RO         4590    i.__0printf         mc_w.l(printfa.o)
    0x08003f00   0x08003f00   0x00000020   Code   RO         3981    i.__NVIC_SetPriority  stm32f4xx_hal_cortex.o
    0x08003f20   0x08003f20   0x0000000e   Code   RO         4668    i.__scatterload_copy  mc_w.l(handlers.o)
    0x08003f2e   0x08003f2e   0x00000002   Code   RO         4669    i.__scatterload_null  mc_w.l(handlers.o)
    0x08003f30   0x08003f30   0x0000000e   Code   RO         4670    i.__scatterload_zeroinit  mc_w.l(handlers.o)
    0x08003f3e   0x08003f3e   0x00000002   PAD
    0x08003f40   0x08003f40   0x00000184   Code   RO         4597    i._fp_digits        mc_w.l(printfa.o)
    0x080040c4   0x080040c4   0x000006dc   Code   RO         4598    i._printf_core      mc_w.l(printfa.o)
    0x080047a0   0x080047a0   0x00000024   Code   RO         4599    i._printf_post_padding  mc_w.l(printfa.o)
    0x080047c4   0x080047c4   0x0000002e   Code   RO         4600    i._printf_pre_padding  mc_w.l(printfa.o)
    0x080047f2   0x080047f2   0x00000002   PAD
    0x080047f4   0x080047f4   0x0000031c   Code   RO          511    i.cmd               stmgood.o
    0x08004b10   0x08004b10   0x00000048   Code   RO          346    i.current_ctrl      bsp_tim.o
    0x08004b58   0x08004b58   0x000001e4   Code   RO          347    i.debug_ctrl        bsp_tim.o
    0x08004d3c   0x08004d3c   0x00000018   Code   RO          242    i.fputc             bsp_uart.o
    0x08004d54   0x08004d54   0x00000010   Code   RO          513    i.go1               stmgood.o
    0x08004d64   0x08004d64   0x0000007c   Code   RO          984    i.main              main.o
    0x08004de0   0x08004de0   0x00000054   Code   RO          520    i.multi1            stmgood.o
    0x08004e34   0x08004e34   0x00000050   Code   RO          521    i.multi2            stmgood.o
    0x08004e84   0x08004e84   0x0000003c   Code   RO          945    i.pid_abs_para_init  pid.o
    0x08004ec0   0x08004ec0   0x00000010   Data   RO         1425    .constdata          system_stm32f4xx.o
    0x08004ed0   0x08004ed0   0x00000008   Data   RO         1426    .constdata          system_stm32f4xx.o
    0x08004ed8   0x08004ed8   0x00000008   Data   RO         3698    .constdata          stm32f4xx_hal_dma.o
    0x08004ee0   0x08004ee0   0x00000044   Data   RO          349    .conststring        bsp_tim.o
    0x08004f24   0x08004f24   0x00000020   Data   RO         4666    Region$$Table       anon$$obj.o


    Execution Region RW_IRAM1 (Exec base: 0x20000000, Load base: 0x08004f44, Size: 0x00000ba8, Max: 0x00020000, ABSOLUTE)

    Exec Addr    Load Addr    Size         Type   Attr      Idx    E Section Name        Object

    0x20000000   0x08004f44   0x00000008   Data   RW           21    .data               bsp_can.o
    0x20000008   0x08004f4c   0x00000014   Data   RW          314    .data               bsp_adc.o
    0x2000001c   0x08004f60   0x00000004   PAD
    0x20000020   0x08004f64   0x00000038   Data   RW          559    .data               stmgood.o
    0x20000058   0x08004f9c   0x00000004   Data   RW         1427    .data               system_stm32f4xx.o
    0x2000005c   0x08004fa0   0x0000000c   Data   RW         4125    .data               stm32f4xx_hal.o
    0x20000068   0x08004fac   0x00000004   Data   RW         4646    .data               mc_w.l(stdout.o)
    0x2000006c        -       0x00000054   Zero   RW           18    .bss                bsp_can.o
    0x200000c0        -       0x00000032   Zero   RW          243    .bss                bsp_uart.o
    0x200000f2   0x08004fb0   0x00000006   PAD
    0x200000f8        -       0x00000450   Zero   RW          558    .bss                stmgood.o
    0x20000548        -       0x00000074   Zero   RW          873    .bss                cap_ctrl.o
    0x200005bc        -       0x00000018   Zero   RW          985    .bss                main.o
    0x200005d4        -       0x000000a8   Zero   RW         1062    .bss                adc.o
    0x2000067c        -       0x00000028   Zero   RW         1105    .bss                can.o
    0x200006a4        -       0x000000c0   Zero   RW         1174    .bss                tim.o
    0x20000764        -       0x00000040   Zero   RW         1235    .bss                usart.o
    0x200007a4   0x08004fb0   0x00000004   PAD
    0x200007a8        -       0x00000400   Zero   RW            1    STACK               startup_stm32f405xx.o


==============================================================================

Image component sizes


      Code (inc. data)   RO Data    RW Data    ZI Data      Debug   Object Name

       324         32          0          0        168       1947   adc.o
       320         50          0         20          0       1243   bsp_adc.o
       460         40          0          8         84     676033   bsp_can.o
       616        298         68          0          0       2129   bsp_tim.o
       146         32          0          0         50       4300   bsp_uart.o
       212         24          0          0         40       1681   can.o
       152         32          0          0        116       2837   cap_ctrl.o
        44          4          0          0          0        762   dma.o
       156         12          0          0          0        947   gpio.o
       258         32          0          0         24       3457   main.o
       648          6          0          0          0       2339   pid.o
        36          8        392          0       1024        840   startup_stm32f405xx.o
       144         24          0         12          0       3961   stm32f4xx_hal.o
      1480         64          0          0          0       8366   stm32f4xx_hal_adc.o
         2          0          0          0          0        993   stm32f4xx_hal_adc_ex.o
      1438          6          0          0          0      13200   stm32f4xx_hal_can.o
       198         14          0          0          0      33979   stm32f4xx_hal_cortex.o
       948         16          8          0          0       6494   stm32f4xx_hal_dma.o
       456         44          0          0          0       3057   stm32f4xx_hal_gpio.o
        48          6          0          0          0        838   stm32f4xx_hal_msp.o
      1264         80          0          0          0       5168   stm32f4xx_hal_rcc.o
      1720         90          0          0          0      16590   stm32f4xx_hal_tim.o
        70          0          0          0          0       2449   stm32f4xx_hal_tim_ex.o
      1430         14          0          0          0       7174   stm32f4xx_hal_uart.o
       116         48          0          0          0       7826   stm32f4xx_it.o
      2318        430          0         56       1104      11432   stmgood.o
        84         18         24          4          0       1171   system_stm32f4xx.o
       548         58          0          0        192       3850   tim.o
       176         20          0          0         64       1698   usart.o

    ----------------------------------------------------------------------
     15840       1502        524        104       2876     826761   Object Totals
         0          0         32          0          0          0   (incl. Generated)
        28          0          0          4         10          0   (incl. Padding)

    ----------------------------------------------------------------------

      Code (inc. data)   RO Data    RW Data    ZI Data      Debug   Library Member Name

         0          0          0          0          0          0   entry.o
         0          0          0          0          0          0   entry10a.o
         0          0          0          0          0          0   entry11a.o
         8          4          0          0          0          0   entry2.o
         4          0          0          0          0          0   entry5.o
         0          0          0          0          0          0   entry7b.o
         0          0          0          0          0          0   entry8b.o
         8          4          0          0          0          0   entry9a.o
        30          0          0          0          0          0   handlers.o
        36          8          0          0          0         68   init.o
         0          0          0          0          0          0   iusefp.o
        30          0          0          0          0         68   llshl.o
        36          0          0          0          0         68   llsshr.o
        32          0          0          0          0         68   llushr.o
        36          0          0          0          0        108   memseta.o
      2258         90          0          0          0        452   printfa.o
         0          0          0          4          0          0   stdout.o
        44          0          0          0          0         80   uidiv.o
        98          0          0          0          0         92   uldiv.o
        48          0          0          0          0         68   cdrcmple.o
        56          0          0          0          0         88   d2f.o
       334          0          0          0          0        148   dadd.o
       222          0          0          0          0        100   ddiv.o
       186          0          0          0          0        176   depilogue.o
        48          0          0          0          0         68   dfixul.o
        34          0          0          0          0         76   dflti.o
       228          0          0          0          0         96   dmul.o
        38          0          0          0          0         68   f2d.o
       110          0          0          0          0        168   fepilogue.o

    ----------------------------------------------------------------------
      3928        106          0          4          0       2060   Library Totals
         4          0          0          0          0          0   (incl. Padding)

    ----------------------------------------------------------------------

      Code (inc. data)   RO Data    RW Data    ZI Data      Debug   Library Name

      2620        106          0          4          0       1004   mc_w.l
      1304          0          0          0          0       1056   mf_w.l

    ----------------------------------------------------------------------
      3928        106          0          4          0       2060   Library Totals

    ----------------------------------------------------------------------

==============================================================================


      Code (inc. data)   RO Data    RW Data    ZI Data      Debug   

     19768       1608        524        108       2876     813537   Grand Totals
     19768       1608        524        108       2876     813537   ELF Image Totals
     19768       1608        524        108          0          0   ROM Totals

==============================================================================

    Total RO  Size (Code + RO Data)                20292 (  19.82kB)
    Total RW  Size (RW Data + ZI Data)              2984 (   2.91kB)
    Total ROM Size (Code + RO Data + RW Data)      20400 (  19.92kB)

==============================================================================

